Archive member included to satisfy reference by file (symbol)

../../MCSDK_v5.4.5/MotorControl/lib\libmc-gcc_M4_NoCCMRAM.lib(revup_ctrl.o)
                              ./Application/User/user_interface.o (RUC_SetPhaseDurationms)
c:/st/stm32cubeide_1.6.1/stm32cubeide/plugins/com.st.stm32cube.ide.mcu.externaltools.gnu-tools-for-stm32.9-2020-q2-update.win32_2.0.0.202105311346/tools/bin/../lib/gcc/arm-none-eabi/9.3.1/../../../../arm-none-eabi/lib/thumb/v7e-m+fp/hard\libc_nano.a(lib_a-errno.o)
                              ./Application/User/syscalls.o (__errno)
c:/st/stm32cubeide_1.6.1/stm32cubeide/plugins/com.st.stm32cube.ide.mcu.externaltools.gnu-tools-for-stm32.9-2020-q2-update.win32_2.0.0.202105311346/tools/bin/../lib/gcc/arm-none-eabi/9.3.1/../../../../arm-none-eabi/lib/thumb/v7e-m+fp/hard\libc_nano.a(lib_a-exit.o)
                              c:/st/stm32cubeide_1.6.1/stm32cubeide/plugins/com.st.stm32cube.ide.mcu.externaltools.gnu-tools-for-stm32.9-2020-q2-update.win32_2.0.0.202105311346/tools/bin/../lib/gcc/arm-none-eabi/9.3.1/../../../../arm-none-eabi/lib/thumb/v7e-m+fp/hard/crt0.o (exit)
c:/st/stm32cubeide_1.6.1/stm32cubeide/plugins/com.st.stm32cube.ide.mcu.externaltools.gnu-tools-for-stm32.9-2020-q2-update.win32_2.0.0.202105311346/tools/bin/../lib/gcc/arm-none-eabi/9.3.1/../../../../arm-none-eabi/lib/thumb/v7e-m+fp/hard\libc_nano.a(lib_a-impure.o)
                              c:/st/stm32cubeide_1.6.1/stm32cubeide/plugins/com.st.stm32cube.ide.mcu.externaltools.gnu-tools-for-stm32.9-2020-q2-update.win32_2.0.0.202105311346/tools/bin/../lib/gcc/arm-none-eabi/9.3.1/../../../../arm-none-eabi/lib/thumb/v7e-m+fp/hard\libc_nano.a(lib_a-exit.o) (_global_impure_ptr)
c:/st/stm32cubeide_1.6.1/stm32cubeide/plugins/com.st.stm32cube.ide.mcu.externaltools.gnu-tools-for-stm32.9-2020-q2-update.win32_2.0.0.202105311346/tools/bin/../lib/gcc/arm-none-eabi/9.3.1/../../../../arm-none-eabi/lib/thumb/v7e-m+fp/hard\libc_nano.a(lib_a-init.o)
                              c:/st/stm32cubeide_1.6.1/stm32cubeide/plugins/com.st.stm32cube.ide.mcu.externaltools.gnu-tools-for-stm32.9-2020-q2-update.win32_2.0.0.202105311346/tools/bin/../lib/gcc/arm-none-eabi/9.3.1/../../../../arm-none-eabi/lib/thumb/v7e-m+fp/hard/crt0.o (__libc_init_array)
c:/st/stm32cubeide_1.6.1/stm32cubeide/plugins/com.st.stm32cube.ide.mcu.externaltools.gnu-tools-for-stm32.9-2020-q2-update.win32_2.0.0.202105311346/tools/bin/../lib/gcc/arm-none-eabi/9.3.1/../../../../arm-none-eabi/lib/thumb/v7e-m+fp/hard\libc_nano.a(lib_a-malloc.o)
                              ./Application/User/system_control_protocol_LL.o (malloc)
c:/st/stm32cubeide_1.6.1/stm32cubeide/plugins/com.st.stm32cube.ide.mcu.externaltools.gnu-tools-for-stm32.9-2020-q2-update.win32_2.0.0.202105311346/tools/bin/../lib/gcc/arm-none-eabi/9.3.1/../../../../arm-none-eabi/lib/thumb/v7e-m+fp/hard\libc_nano.a(lib_a-memset.o)
                              c:/st/stm32cubeide_1.6.1/stm32cubeide/plugins/com.st.stm32cube.ide.mcu.externaltools.gnu-tools-for-stm32.9-2020-q2-update.win32_2.0.0.202105311346/tools/bin/../lib/gcc/arm-none-eabi/9.3.1/../../../../arm-none-eabi/lib/thumb/v7e-m+fp/hard/crt0.o (memset)
c:/st/stm32cubeide_1.6.1/stm32cubeide/plugins/com.st.stm32cube.ide.mcu.externaltools.gnu-tools-for-stm32.9-2020-q2-update.win32_2.0.0.202105311346/tools/bin/../lib/gcc/arm-none-eabi/9.3.1/../../../../arm-none-eabi/lib/thumb/v7e-m+fp/hard\libc_nano.a(lib_a-nano-freer.o)
                              c:/st/stm32cubeide_1.6.1/stm32cubeide/plugins/com.st.stm32cube.ide.mcu.externaltools.gnu-tools-for-stm32.9-2020-q2-update.win32_2.0.0.202105311346/tools/bin/../lib/gcc/arm-none-eabi/9.3.1/../../../../arm-none-eabi/lib/thumb/v7e-m+fp/hard\libc_nano.a(lib_a-malloc.o) (_free_r)
c:/st/stm32cubeide_1.6.1/stm32cubeide/plugins/com.st.stm32cube.ide.mcu.externaltools.gnu-tools-for-stm32.9-2020-q2-update.win32_2.0.0.202105311346/tools/bin/../lib/gcc/arm-none-eabi/9.3.1/../../../../arm-none-eabi/lib/thumb/v7e-m+fp/hard\libc_nano.a(lib_a-nano-mallocr.o)
                              c:/st/stm32cubeide_1.6.1/stm32cubeide/plugins/com.st.stm32cube.ide.mcu.externaltools.gnu-tools-for-stm32.9-2020-q2-update.win32_2.0.0.202105311346/tools/bin/../lib/gcc/arm-none-eabi/9.3.1/../../../../arm-none-eabi/lib/thumb/v7e-m+fp/hard\libc_nano.a(lib_a-malloc.o) (_malloc_r)
c:/st/stm32cubeide_1.6.1/stm32cubeide/plugins/com.st.stm32cube.ide.mcu.externaltools.gnu-tools-for-stm32.9-2020-q2-update.win32_2.0.0.202105311346/tools/bin/../lib/gcc/arm-none-eabi/9.3.1/../../../../arm-none-eabi/lib/thumb/v7e-m+fp/hard\libc_nano.a(lib_a-sbrkr.o)
                              c:/st/stm32cubeide_1.6.1/stm32cubeide/plugins/com.st.stm32cube.ide.mcu.externaltools.gnu-tools-for-stm32.9-2020-q2-update.win32_2.0.0.202105311346/tools/bin/../lib/gcc/arm-none-eabi/9.3.1/../../../../arm-none-eabi/lib/thumb/v7e-m+fp/hard\libc_nano.a(lib_a-nano-mallocr.o) (_sbrk_r)
[...]
Memory Configuration

Name             Origin             Length             Attributes
CCMRAM           0x0000000010000000 0x0000000000010000 xrw
RAM              0x0000000020000000 0x0000000000020000 xrw
FLASH            0x0000000008000000 0x0000000000100000 xr
*default*        0x0000000000000000 0xffffffffffffffff

Linker script and memory map

LOAD c:/st/stm32cubeide_1.6.1/stm32cubeide/plugins/com.st.stm32cube.ide.mcu.externaltools.gnu-tools-for-stm32.9-2020-q2-update.win32_2.0.0.202105311346/tools/bin/../lib/gcc/arm-none-eabi/9.3.1/thumb/v7e-m+fp/hard/crti.o
LOAD c:/st/stm32cubeide_1.6.1/stm32cubeide/plugins/com.st.stm32cube.ide.mcu.externaltools.gnu-tools-for-stm32.9-2020-q2-update.win32_2.0.0.202105311346/tools/bin/../lib/gcc/arm-none-eabi/9.3.1/thumb/v7e-m+fp/hard/crtbegin.o
LOAD c:/st/stm32cubeide_1.6.1/stm32cubeide/plugins/com.st.stm32cube.ide.mcu.externaltools.gnu-tools-for-stm32.9-2020-q2-update.win32_2.0.0.202105311346/tools/bin/../lib/gcc/arm-none-eabi/9.3.1/../../../../arm-none-eabi/lib/thumb/v7e-m+fp/hard/crt0.o
LOAD ./Application/Startup/startup_stm32f415zgtx.o
LOAD ./Application/User/main.o
LOAD ./Application/User/mc_api.o
LOAD ./Application/User/mc_config.o
LOAD ./Application/User/mc_interface.o
LOAD ./Application/User/mc_math.o
LOAD ./Application/User/mc_parameters.o
LOAD ./Application/User/mc_tasks.o
LOAD ./Application/User/motor_control_protocol.o
LOAD ./Application/User/motorcontrol.o
LOAD ./Application/User/power_control.o
LOAD ./Application/User/power_control_LL.o
LOAD ./Application/User/regular_conversion_manager.o
LOAD ./Application/User/stm32f4xx_hal_msp.o
LOAD ./Application/User/stm32f4xx_it.o
LOAD ./Application/User/stm32f4xx_mc_it.o
LOAD ./Application/User/syscalls.o
LOAD ./Application/User/sysmem.o
LOAD ./Application/User/system_control_protocol.o
LOAD ./Application/User/system_control_protocol_LL.o
LOAD ./Application/User/ui_task.o
LOAD ./Application/User/user_interface.o
LOAD ./Drivers/CMSIS/system_stm32f4xx.o
LOAD ./Drivers/STM32F4xx_HAL_Driver/stm32f4xx_hal.o
LOAD ./Drivers/STM32F4xx_HAL_Driver/stm32f4xx_hal_adc.o
LOAD ./Drivers/STM32F4xx_HAL_Driver/stm32f4xx_hal_adc_ex.o
LOAD ./Drivers/STM32F4xx_HAL_Driver/stm32f4xx_hal_cortex.o
LOAD ./Drivers/STM32F4xx_HAL_Driver/stm32f4xx_hal_dma.o
LOAD ./Drivers/STM32F4xx_HAL_Driver/stm32f4xx_hal_dma_ex.o
LOAD ./Drivers/STM32F4xx_HAL_Driver/stm32f4xx_hal_exti.o
LOAD ./Drivers/STM32F4xx_HAL_Driver/stm32f4xx_hal_flash.o
LOAD ./Drivers/STM32F4xx_HAL_Driver/stm32f4xx_hal_flash_ex.o
LOAD ./Drivers/STM32F4xx_HAL_Driver/stm32f4xx_hal_flash_ramfunc.o
LOAD ./Drivers/STM32F4xx_HAL_Driver/stm32f4xx_hal_gpio.o
LOAD ./Drivers/STM32F4xx_HAL_Driver/stm32f4xx_hal_pwr.o
LOAD ./Drivers/STM32F4xx_HAL_Driver/stm32f4xx_hal_pwr_ex.o
LOAD ./Drivers/STM32F4xx_HAL_Driver/stm32f4xx_hal_rcc.o
LOAD ./Drivers/STM32F4xx_HAL_Driver/stm32f4xx_hal_rcc_ex.o
LOAD ./Drivers/STM32F4xx_HAL_Driver/stm32f4xx_hal_tim.o
LOAD ./Drivers/STM32F4xx_HAL_Driver/stm32f4xx_hal_tim_ex.o
LOAD ./Drivers/STM32F4xx_HAL_Driver/stm32f4xx_hal_uart.o
LOAD ./Middlewares/MotorControl/bus_voltage_sensor.o
LOAD ./Middlewares/MotorControl/circle_limitation.o
LOAD ./Middlewares/MotorControl/digital_output.o
LOAD ./Middlewares/MotorControl/frame_communication_protocol.o
LOAD ./Middlewares/MotorControl/hall_speed_pos_fdbk.o
LOAD ./Middlewares/MotorControl/ics_f4xx_pwm_curr_fdbk.o
LOAD ./Middlewares/MotorControl/motor_power_measurement.o
LOAD ./Middlewares/MotorControl/ntc_temperature_sensor.o
LOAD ./Middlewares/MotorControl/open_loop.o
LOAD ./Middlewares/MotorControl/pid_regulator.o
LOAD ./Middlewares/MotorControl/pqd_motor_power_measurement.o
LOAD ./Middlewares/MotorControl/pwm_common.o
LOAD ./Middlewares/MotorControl/pwm_curr_fdbk.o
LOAD ./Middlewares/MotorControl/ramp_ext_mngr.o
LOAD ./Middlewares/MotorControl/speed_pos_fdbk.o
LOAD ./Middlewares/MotorControl/speed_torq_ctrl.o
LOAD ./Middlewares/MotorControl/state_machine.o
LOAD ./Middlewares/MotorControl/ui_irq_handler.o
LOAD ./Middlewares/MotorControl/usart_frame_communication_protocol.o
LOAD ./Middlewares/MotorControl/virtual_bus_voltage_sensor.o
LOAD ./Middlewares/MotorControl/virtual_speed_sensor.o
LOAD ../../MCSDK_v5.4.5/MotorControl/lib\libmc-gcc_M4_NoCCMRAM.lib
START GROUP
LOAD c:/st/stm32cubeide_1.6.1/stm32cubeide/plugins/com.st.stm32cube.ide.mcu.externaltools.gnu-tools-for-stm32.9-2020-q2-update.win32_2.0.0.202105311346/tools/bin/../lib/gcc/arm-none-eabi/9.3.1/../../../../arm-none-eabi/lib/thumb/v7e-m+fp/hard\libc_nano.a
LOAD c:/st/stm32cubeide_1.6.1/stm32cubeide/plugins/com.st.stm32cube.ide.mcu.externaltools.gnu-tools-for-stm32.9-2020-q2-update.win32_2.0.0.202105311346/tools/bin/../lib/gcc/arm-none-eabi/9.3.1/../../../../arm-none-eabi/lib/thumb/v7e-m+fp/hard\libm.a
END GROUP
START GROUP
LOAD c:/st/stm32cubeide_1.6.1/stm32cubeide/plugins/com.st.stm32cube.ide.mcu.externaltools.gnu-tools-for-stm32.9-2020-q2-update.win32_2.0.0.202105311346/tools/bin/../lib/gcc/arm-none-eabi/9.3.1/thumb/v7e-m+fp/hard\libgcc.a
LOAD c:/st/stm32cubeide_1.6.1/stm32cubeide/plugins/com.st.stm32cube.ide.mcu.externaltools.gnu-tools-for-stm32.9-2020-q2-update.win32_2.0.0.202105311346/tools/bin/../lib/gcc/arm-none-eabi/9.3.1/../../../../arm-none-eabi/lib/thumb/v7e-m+fp/hard\libc_nano.a
END GROUP
START GROUP
LOAD c:/st/stm32cubeide_1.6.1/stm32cubeide/plugins/com.st.stm32cube.ide.mcu.externaltools.gnu-tools-for-stm32.9-2020-q2-update.win32_2.0.0.202105311346/tools/bin/../lib/gcc/arm-none-eabi/9.3.1/thumb/v7e-m+fp/hard\libgcc.a
LOAD c:/st/stm32cubeide_1.6.1/stm32cubeide/plugins/com.st.stm32cube.ide.mcu.externaltools.gnu-tools-for-stm32.9-2020-q2-update.win32_2.0.0.202105311346/tools/bin/../lib/gcc/arm-none-eabi/9.3.1/../../../../arm-none-eabi/lib/thumb/v7e-m+fp/hard\libc_nano.a
LOAD c:/st/stm32cubeide_1.6.1/stm32cubeide/plugins/com.st.stm32cube.ide.mcu.externaltools.gnu-tools-for-stm32.9-2020-q2-update.win32_2.0.0.202105311346/tools/bin/../lib/gcc/arm-none-eabi/9.3.1/../../../../arm-none-eabi/lib/thumb/v7e-m+fp/hard\libnosys.a
END GROUP
START GROUP
LOAD c:/st/stm32cubeide_1.6.1/stm32cubeide/plugins/com.st.stm32cube.ide.mcu.externaltools.gnu-tools-for-stm32.9-2020-q2-update.win32_2.0.0.202105311346/tools/bin/../lib/gcc/arm-none-eabi/9.3.1/thumb/v7e-m+fp/hard\libgcc.a
LOAD c:/st/stm32cubeide_1.6.1/stm32cubeide/plugins/com.st.stm32cube.ide.mcu.externaltools.gnu-tools-for-stm32.9-2020-q2-update.win32_2.0.0.202105311346/tools/bin/../lib/gcc/arm-none-eabi/9.3.1/../../../../arm-none-eabi/lib/thumb/v7e-m+fp/hard\libc_nano.a
LOAD c:/st/stm32cubeide_1.6.1/stm32cubeide/plugins/com.st.stm32cube.ide.mcu.externaltools.gnu-tools-for-stm32.9-2020-q2-update.win32_2.0.0.202105311346/tools/bin/../lib/gcc/arm-none-eabi/9.3.1/../../../../arm-none-eabi/lib/thumb/v7e-m+fp/hard\libnosys.a
END GROUP
LOAD c:/st/stm32cubeide_1.6.1/stm32cubeide/plugins/com.st.stm32cube.ide.mcu.externaltools.gnu-tools-for-stm32.9-2020-q2-update.win32_2.0.0.202105311346/tools/bin/../lib/gcc/arm-none-eabi/9.3.1/thumb/v7e-m+fp/hard/crtend.o
LOAD c:/st/stm32cubeide_1.6.1/stm32cubeide/plugins/com.st.stm32cube.ide.mcu.externaltools.gnu-tools-for-stm32.9-2020-q2-update.win32_2.0.0.202105311346/tools/bin/../lib/gcc/arm-none-eabi/9.3.1/thumb/v7e-m+fp/hard/crtn.o
                0x0000000020020000                _estack = (ORIGIN (RAM) + LENGTH (RAM))
                0x0000000000000200                _Min_Heap_Size = 0x200
                0x0000000000000400                _Min_Stack_Size = 0x400

.isr_vector     0x0000000008000000      0x188
                0x0000000008000000                . = ALIGN (0x4)
 *(.isr_vector)
 .isr_vector    0x0000000008000000      0x188 ./Application/Startup/startup_stm32f415zgtx.o
                0x0000000008000000                g_pfnVectors
                0x0000000008000188                . = ALIGN (0x4)

.text           0x0000000008000188     0x66fc
                0x0000000008000188                . = ALIGN (0x4)
 *(.text)
 .text          0x0000000008000188       0x40 c:/st/stm32cubeide_1.6.1/stm32cubeide/plugins/com.st.stm32cube.ide.mcu.externaltools.gnu-tools-for-stm32.9-2020-q2-update.win32_2.0.0.202105311346/tools/bin/../lib/gcc/arm-none-eabi/9.3.1/thumb/v7e-m+fp/hard/crtbegin.o
 .text          0x00000000080001c8       0x30 c:/st/stm32cubeide_1.6.1/stm32cubeide/plugins/com.st.stm32cube.ide.mcu.externaltools.gnu-tools-for-stm32.9-2020-q2-update.win32_2.0.0.202105311346/tools/bin/../lib/gcc/arm-none-eabi/9.3.1/thumb/v7e-m+fp/hard\libgcc.a(_aeabi_uldivmod.o)
                0x00000000080001c8                __aeabi_uldivmod
 .text          0x00000000080001f8      0x2c4 c:/st/stm32cubeide_1.6.1/stm32cubeide/plugins/com.st.stm32cube.ide.mcu.externaltools.gnu-tools-for-stm32.9-2020-q2-update.win32_2.0.0.202105311346/tools/bin/../lib/gcc/arm-none-eabi/9.3.1/thumb/v7e-m+fp/hard\libgcc.a(_udivmoddi4.o)
                0x00000000080001f8                __udivmoddi4
 .text          0x00000000080004bc        0x4 c:/st/stm32cubeide_1.6.1/stm32cubeide/plugins/com.st.stm32cube.ide.mcu.externaltools.gnu-tools-for-stm32.9-2020-q2-update.win32_2.0.0.202105311346/tools/bin/../lib/gcc/arm-none-eabi/9.3.1/thumb/v7e-m+fp/hard\libgcc.a(_dvmd_tls.o)
                0x00000000080004bc                __aeabi_idiv0
                0x00000000080004bc                __aeabi_ldiv0
 *(.text*)
 .text.Reset_Handler
                0x00000000080004c0       0x50 ./Application/Startup/startup_stm32f415zgtx.o
                0x00000000080004c0                Reset_Handler
 .text.Default_Handler
                0x0000000008000510        0x2 ./Application/Startup/startup_stm32f415zgtx.o
                0x0000000008000510                RTC_Alarm_IRQHandler
                0x0000000008000510                HASH_RNG_IRQHandler
                0x0000000008000510                EXTI2_IRQHandler
                0x0000000008000510                TIM8_CC_IRQHandler
                0x0000000008000510                DebugMon_Handler
                0x0000000008000510                TIM1_CC_IRQHandler
                0x0000000008000510                DMA2_Stream5_IRQHandler
                0x0000000008000510                DMA1_Stream5_IRQHandler
                0x0000000008000510                PVD_IRQHandler
                0x0000000008000510                SDIO_IRQHandler
                0x0000000008000510                TAMP_STAMP_IRQHandler
                0x0000000008000510                PendSV_Handler
                0x0000000008000510                NMI_Handler
                0x0000000008000510                CAN2_RX1_IRQHandler
                0x0000000008000510                EXTI3_IRQHandler
                0x0000000008000510                TIM8_TRG_COM_TIM14_IRQHandler
                0x0000000008000510                TIM8_UP_TIM13_IRQHandler
                0x0000000008000510                I2C3_ER_IRQHandler
                0x0000000008000510                EXTI0_IRQHandler
                0x0000000008000510                I2C2_EV_IRQHandler
                0x0000000008000510                DMA1_Stream2_IRQHandler
                0x0000000008000510                CAN1_RX0_IRQHandler
                0x0000000008000510                FPU_IRQHandler
                0x0000000008000510                OTG_HS_WKUP_IRQHandler
                0x0000000008000510                UsageFault_Handler
                0x0000000008000510                CAN2_SCE_IRQHandler
                0x0000000008000510                DMA2_Stream2_IRQHandler
                0x0000000008000510                SPI1_IRQHandler
                0x0000000008000510                TIM6_DAC_IRQHandler
                0x0000000008000510                CAN2_RX0_IRQHandler
                0x0000000008000510                DMA2_Stream3_IRQHandler
                0x0000000008000510                USART6_IRQHandler
                0x0000000008000510                USART3_IRQHandler
                0x0000000008000510                CRYP_IRQHandler
                0x0000000008000510                CAN1_RX1_IRQHandler
                0x0000000008000510                UART5_IRQHandler
                0x0000000008000510                DMA2_Stream0_IRQHandler
                0x0000000008000510                I2C1_EV_IRQHandler
                0x0000000008000510                DMA1_Stream6_IRQHandler
                0x0000000008000510                DMA1_Stream1_IRQHandler
                0x0000000008000510                UART4_IRQHandler
                0x0000000008000510                RCC_IRQHandler
                0x0000000008000510                TIM8_BRK_TIM12_IRQHandler
                0x0000000008000510                Default_Handler
                0x0000000008000510                EXTI15_10_IRQHandler
                0x0000000008000510                DMA1_Stream7_IRQHandler
                0x0000000008000510                TIM7_IRQHandler
                0x0000000008000510                CAN2_TX_IRQHandler
                0x0000000008000510                TIM5_IRQHandler
                0x0000000008000510                DMA2_Stream7_IRQHandler
                0x0000000008000510                I2C3_EV_IRQHandler
                0x0000000008000510                EXTI9_5_IRQHandler
                0x0000000008000510                RTC_WKUP_IRQHandler
                0x0000000008000510                SPI2_IRQHandler
                0x0000000008000510                OTG_HS_EP1_IN_IRQHandler
                0x0000000008000510                MemManage_Handler
                0x0000000008000510                DMA1_Stream0_IRQHandler
                0x0000000008000510                CAN1_TX_IRQHandler
                0x0000000008000510                SVC_Handler
                0x0000000008000510                EXTI4_IRQHandler
                0x0000000008000510                FSMC_IRQHandler
                0x0000000008000510                OTG_HS_EP1_OUT_IRQHandler
                0x0000000008000510                WWDG_IRQHandler
                0x0000000008000510                OTG_FS_WKUP_IRQHandler
                0x0000000008000510                TIM1_TRG_COM_TIM11_IRQHandler
                0x0000000008000510                OTG_HS_IRQHandler
                0x0000000008000510                EXTI1_IRQHandler
                0x0000000008000510                USART2_IRQHandler
                0x0000000008000510                I2C2_ER_IRQHandler
                0x0000000008000510                DMA2_Stream1_IRQHandler
                0x0000000008000510                CAN1_SCE_IRQHandler
                0x0000000008000510                FLASH_IRQHandler
                0x0000000008000510                DMA2_Stream4_IRQHandler
                0x0000000008000510                BusFault_Handler
                0x0000000008000510                OTG_FS_IRQHandler
                0x0000000008000510                SPI3_IRQHandler
                0x0000000008000510                DMA1_Stream4_IRQHandler
                0x0000000008000510                I2C1_ER_IRQHandler
                0x0000000008000510                DMA2_Stream6_IRQHandler
                0x0000000008000510                DMA1_Stream3_IRQHandler
 *fill*         0x0000000008000512        0x2 
 .text.SystemClock_Config
                0x0000000008000514       0xa8 ./Application/User/main.o
                0x0000000008000514                SystemClock_Config
 .text.startup.main
                0x00000000080005bc      0x43c ./Application/User/main.o
                0x00000000080005bc                main
 .text.Error_Handler
                0x00000000080009f8        0x4 ./Application/User/main.o
                0x00000000080009f8                Error_Handler
 .text.MC_StopMotor1
                0x00000000080009fc        0xc ./Application/User/mc_api.o
                0x00000000080009fc                MC_StopMotor1
 .text.MC_ProgramSpeedRampMotor1
                0x0000000008000a08       0x10 ./Application/User/mc_api.o
                0x0000000008000a08                MC_ProgramSpeedRampMotor1
 .text.MCI_Init
                0x0000000008000a18       0x1c ./Application/User/mc_interface.o
                0x0000000008000a18                MCI_Init
 .text.MCI_ExecSpeedRamp
                0x0000000008000a34       0x18 ./Application/User/mc_interface.o
                0x0000000008000a34                MCI_ExecSpeedRamp
 .text.MCI_ExecTorqueRamp
                0x0000000008000a4c       0x14 ./Application/User/mc_interface.o
                0x0000000008000a4c                MCI_ExecTorqueRamp
 .text.MCI_SetCurrentReferences
                0x0000000008000a60       0x14 ./Application/User/mc_interface.o
                0x0000000008000a60                MCI_SetCurrentReferences
 .text.MCI_StartMotor
                0x0000000008000a74       0x14 ./Application/User/mc_interface.o
                0x0000000008000a74                MCI_StartMotor
 .text.MCI_StopMotor
                0x0000000008000a88        0x8 ./Application/User/mc_interface.o
                0x0000000008000a88                MCI_StopMotor
 .text.MCI_FaultAcknowledged
                0x0000000008000a90        0x8 ./Application/User/mc_interface.o
                0x0000000008000a90                MCI_FaultAcknowledged
 .text.MCI_EncoderAlign
                0x0000000008000a98        0x8 ./Application/User/mc_interface.o
                0x0000000008000a98                MCI_EncoderAlign
 .text.MCI_ExecBufferedCommands
                0x0000000008000aa0       0x78 ./Application/User/mc_interface.o
                0x0000000008000aa0                MCI_ExecBufferedCommands
 .text.MCI_GetSTMState
                0x0000000008000b18        0x8 ./Application/User/mc_interface.o
                0x0000000008000b18                MCI_GetSTMState
 .text.MCI_GetControlMode
                0x0000000008000b20        0x4 ./Application/User/mc_interface.o
                0x0000000008000b20                MCI_GetControlMode
 .text.MCI_GetLastRampFinalSpeed
                0x0000000008000b24       0x10 ./Application/User/mc_interface.o
                0x0000000008000b24                MCI_GetLastRampFinalSpeed
 .text.MCI_StopRamp
                0x0000000008000b34        0x8 ./Application/User/mc_interface.o
                0x0000000008000b34                MCI_StopRamp
 .text.MCI_GetAvrgMecSpeedUnit
                0x0000000008000b3c       0x10 ./Application/User/mc_interface.o
                0x0000000008000b3c                MCI_GetAvrgMecSpeedUnit
 .text.MCI_GetMecSpeedRefUnit
                0x0000000008000b4c        0x8 ./Application/User/mc_interface.o
                0x0000000008000b4c                MCI_GetMecSpeedRefUnit
 .text.MCI_GetIab
                0x0000000008000b54       0x1c ./Application/User/mc_interface.o
                0x0000000008000b54                MCI_GetIab
 .text.MCI_GetIalphabeta
                0x0000000008000b70       0x1c ./Application/User/mc_interface.o
                0x0000000008000b70                MCI_GetIalphabeta
 .text.MCI_GetIqd
                0x0000000008000b8c       0x1c ./Application/User/mc_interface.o
                0x0000000008000b8c                MCI_GetIqd
 .text.MCI_GetIqdref
                0x0000000008000ba8       0x1c ./Application/User/mc_interface.o
                0x0000000008000ba8                MCI_GetIqdref
 .text.MCI_GetVqd
                0x0000000008000bc4       0x1c ./Application/User/mc_interface.o
                0x0000000008000bc4                MCI_GetVqd
 .text.MCI_GetValphabeta
                0x0000000008000be0       0x1c ./Application/User/mc_interface.o
                0x0000000008000be0                MCI_GetValphabeta
 .text.MCI_GetTeref
                0x0000000008000bfc        0x8 ./Application/User/mc_interface.o
                0x0000000008000bfc                MCI_GetTeref
 .text.MCI_SetIdref
                0x0000000008000c04       0x14 ./Application/User/mc_interface.o
                0x0000000008000c04                MCI_SetIdref
 .text.MCI_Clear_Iqdref
                0x0000000008000c18       0x14 ./Application/User/mc_interface.o
                0x0000000008000c18                MCI_Clear_Iqdref
 .text.MCM_Clarke
                0x0000000008000c2c       0x54 ./Application/User/mc_math.o
                0x0000000008000c2c                MCM_Clarke
 .text.MCM_Trig_Functions
                0x0000000008000c80       0x98 ./Application/User/mc_math.o
                0x0000000008000c80                MCM_Trig_Functions
 .text.MCM_Park
                0x0000000008000d18       0x84 ./Application/User/mc_math.o
                0x0000000008000d18                MCM_Park
 .text.MCM_Rev_Park
                0x0000000008000d9c       0x40 ./Application/User/mc_math.o
                0x0000000008000d9c                MCM_Rev_Park
 .text.FOC_Clear
                0x0000000008000ddc       0x88 ./Application/User/mc_tasks.o
                0x0000000008000ddc                FOC_Clear
 .text.MCboot   0x0000000008000e64      0x1f0 ./Application/User/mc_tasks.o
                0x0000000008000e64                MCboot
 .text.FOC_InitAdditionalMethods
                0x0000000008001054        0x4 ./Application/User/mc_tasks.o
                0x0000000008001054                FOC_InitAdditionalMethods
 .text.FOC_CalcCurrRef
                0x0000000008001058       0x2c ./Application/User/mc_tasks.o
                0x0000000008001058                FOC_CalcCurrRef
 .text.TSK_SetChargeBootCapDelayM1
                0x0000000008001084        0xc ./Application/User/mc_tasks.o
                0x0000000008001084                TSK_SetChargeBootCapDelayM1
 .text.TSK_ChargeBootCapDelayHasElapsedM1
                0x0000000008001090       0x14 ./Application/User/mc_tasks.o
                0x0000000008001090                TSK_ChargeBootCapDelayHasElapsedM1
 .text.TSK_SetStopPermanencyTimeM1
                0x00000000080010a4        0xc ./Application/User/mc_tasks.o
                0x00000000080010a4                TSK_SetStopPermanencyTimeM1
 .text.TSK_StopPermanencyTimeHasElapsedM1
                0x00000000080010b0       0x14 ./Application/User/mc_tasks.o
                0x00000000080010b0                TSK_StopPermanencyTimeHasElapsedM1
 .text.TSK_MediumFrequencyTaskM1
                0x00000000080010c4      0x158 ./Application/User/mc_tasks.o
                0x00000000080010c4                TSK_MediumFrequencyTaskM1
 .text.MC_Scheduler
                0x000000000800121c       0x58 ./Application/User/mc_tasks.o
                0x000000000800121c                MC_Scheduler
 .text.TSK_HighFrequencyTask
                0x0000000008001274       0xe8 ./Application/User/mc_tasks.o
                0x0000000008001274                TSK_HighFrequencyTask
 .text.TSK_SafetyTask_PWMOFF
                0x000000000800135c       0x80 ./Application/User/mc_tasks.o
                0x000000000800135c                TSK_SafetyTask_PWMOFF
 .text.TSK_SafetyTask
                0x00000000080013dc       0x20 ./Application/User/mc_tasks.o
                0x00000000080013dc                TSK_SafetyTask
 .text.MC_RunMotorControlTasks
                0x00000000080013fc       0x20 ./Application/User/mc_tasks.o
                0x00000000080013fc                MC_RunMotorControlTasks
 .text.TSK_HardwareFaultTask
                0x000000000800141c       0x20 ./Application/User/mc_tasks.o
                0x000000000800141c                TSK_HardwareFaultTask
 .text.mc_lock_pins
                0x000000000800143c      0x11c ./Application/User/mc_tasks.o
                0x000000000800143c                mc_lock_pins
 .text.MCP_ReceivedFrame
                0x0000000008001558      0x7fc ./Application/User/motor_control_protocol.o
                0x0000000008001558                MCP_ReceivedFrame
 .text.MCP_WaitNextFrame
                0x0000000008001d54       0x1c ./Application/User/motor_control_protocol.o
                0x0000000008001d54                MCP_WaitNextFrame
 .text.MCP_Init
                0x0000000008001d70       0x40 ./Application/User/motor_control_protocol.o
                0x0000000008001d70                MCP_Init
 .text.MCP_OnTimeOut
                0x0000000008001db0        0x8 ./Application/User/motor_control_protocol.o
                0x0000000008001db0                MCP_OnTimeOut
 .text.MCP_SentFrame
                0x0000000008001db8        0x8 ./Application/User/motor_control_protocol.o
                0x0000000008001db8                MCP_SentFrame
 .text.MX_MotorControl_Init
                0x0000000008001dc0       0x4c ./Application/User/motorcontrol.o
                0x0000000008001dc0                MX_MotorControl_Init
 .text.power_control_config
                0x0000000008001e0c        0xc ./Application/User/power_control.o
                0x0000000008001e0c                power_control_config
 .text.power_indicator_config
                0x0000000008001e18        0xc ./Application/User/power_control.o
                0x0000000008001e18                power_indicator_config
 .text.power_ctl
                0x0000000008001e24       0x34 ./Application/User/power_control.o
                0x0000000008001e24                power_ctl
 .text.light_indicator_off
                0x0000000008001e58       0x10 ./Application/User/power_control_LL.o
 .text.light_indicator_on
                0x0000000008001e68       0x10 ./Application/User/power_control_LL.o
 .text.system_boot
                0x0000000008001e78        0x4 ./Application/User/power_control_LL.o
 .text.power_off
                0x0000000008001e7c      0x130 ./Application/User/power_control_LL.o
 .text.POWER_CONTROL_SETTING
                0x0000000008001fac       0x1c ./Application/User/power_control_LL.o
                0x0000000008001fac                POWER_CONTROL_SETTING
 .text.RCM_RegisterRegConv
                0x0000000008001fc8      0x1a4 ./Application/User/regular_conversion_manager.o
                0x0000000008001fc8                RCM_RegisterRegConv
 .text.RCM_ExecRegularConv
                0x000000000800216c       0x74 ./Application/User/regular_conversion_manager.o
                0x000000000800216c                RCM_ExecRegularConv
 .text.RCM_ExecUserConv
                0x00000000080021e0       0x54 ./Application/User/regular_conversion_manager.o
                0x00000000080021e0                RCM_ExecUserConv
 .text.HAL_MspInit
                0x0000000008002234       0x3c ./Application/User/stm32f4xx_hal_msp.o
                0x0000000008002234                HAL_MspInit
 .text.HAL_ADC_MspInit
                0x0000000008002270       0xb4 ./Application/User/stm32f4xx_hal_msp.o
                0x0000000008002270                HAL_ADC_MspInit
 .text.HAL_TIM_Base_MspInit
                0x0000000008002324      0x154 ./Application/User/stm32f4xx_hal_msp.o
                0x0000000008002324                HAL_TIM_Base_MspInit
 .text.HAL_TIM_MspPostInit
                0x0000000008002478       0x90 ./Application/User/stm32f4xx_hal_msp.o
                0x0000000008002478                HAL_TIM_MspPostInit
 .text.HAL_UART_MspInit
                0x0000000008002508       0x70 ./Application/User/stm32f4xx_hal_msp.o
                0x0000000008002508                HAL_UART_MspInit
 .text.TIM2_IRQHandler
                0x0000000008002578        0xc ./Application/User/stm32f4xx_it.o
                0x0000000008002578                TIM2_IRQHandler
 .text.TIM4_IRQHandler
                0x0000000008002584        0xc ./Application/User/stm32f4xx_it.o
                0x0000000008002584                TIM4_IRQHandler
 .text.ADC_IRQHandler
                0x0000000008002590       0x2c ./Application/User/stm32f4xx_mc_it.o
                0x0000000008002590                ADC_IRQHandler
 .text.TIM1_UP_TIM10_IRQHandler
                0x00000000080025bc       0x14 ./Application/User/stm32f4xx_mc_it.o
                0x00000000080025bc                TIM1_UP_TIM10_IRQHandler
 .text.TIM1_BRK_TIM9_IRQHandler
                0x00000000080025d0       0x24 ./Application/User/stm32f4xx_mc_it.o
                0x00000000080025d0                TIM1_BRK_TIM9_IRQHandler
 .text.TIM3_IRQHandler
                0x00000000080025f4       0x38 ./Application/User/stm32f4xx_mc_it.o
                0x00000000080025f4                TIM3_IRQHandler
 .text.USART1_IRQHandler
                0x000000000800262c       0x84 ./Application/User/stm32f4xx_mc_it.o
                0x000000000800262c                USART1_IRQHandler
 .text.HardFault_Handler
                0x00000000080026b0       0x7c ./Application/User/stm32f4xx_mc_it.o
                0x00000000080026b0                HardFault_Handler
 .text.SysTick_Handler
                0x000000000800272c       0x30 ./Application/User/stm32f4xx_mc_it.o
                0x000000000800272c                SysTick_Handler
 .text._sbrk    0x000000000800275c       0x44 ./Application/User/sysmem.o
                0x000000000800275c                _sbrk
 .text.register_Timer
                0x00000000080027a0        0xc ./Application/User/system_control_protocol.o
                0x00000000080027a0                register_Timer
 .text.register_light_device
                0x00000000080027ac        0xc ./Application/User/system_control_protocol.o
                0x00000000080027ac                register_light_device
 .text.register_message
                0x00000000080027b8        0xc ./Application/User/system_control_protocol.o
                0x00000000080027b8                register_message
 .text.register_tx_timer
                0x00000000080027c4        0xc ./Application/User/system_control_protocol.o
                0x00000000080027c4                register_tx_timer
 .text.Tail_Light_Control
                0x00000000080027d0       0x6c ./Application/User/system_control_protocol.o
                0x00000000080027d0                Tail_Light_Control
 .text.msg_retransmission_control
                0x000000000800283c        0xc ./Application/User/system_control_protocol.o
                0x000000000800283c                msg_retransmission_control
 .text.calCheckSum
                0x0000000008002848       0x24 ./Application/User/system_control_protocol.o
                0x0000000008002848                calCheckSum
 .text.timer_flash_Stop
                0x000000000800286c        0xc ./Application/User/system_control_protocol_LL.o
 .text.retransmission_timer_Stop
                0x0000000008002878        0xc ./Application/User/system_control_protocol_LL.o
 .text.timer_flash_Start
                0x0000000008002884        0xc ./Application/User/system_control_protocol_LL.o
 .text.retransmission_timer_Start
                0x0000000008002890        0xc ./Application/User/system_control_protocol_LL.o
 .text.timer_flash_Init
                0x000000000800289c       0x74 ./Application/User/system_control_protocol_LL.o
 .text.retransmission_timer_Init
                0x0000000008002910       0x78 ./Application/User/system_control_protocol_LL.o
 .text.LIGHT_OFF
                0x0000000008002988       0x10 ./Application/User/system_control_protocol_LL.o
 .text.LIGHT_ON
                0x0000000008002998       0x10 ./Application/User/system_control_protocol_LL.o
 .text.alert_msg
                0x00000000080029a8       0x3c ./Application/User/system_control_protocol_LL.o
 .text.TIMER_CONTROL_SETTING
                0x00000000080029e4        0xc ./Application/User/system_control_protocol_LL.o
                0x00000000080029e4                TIMER_CONTROL_SETTING
 .text.LIGHT_CONTROL_SETTING
                0x00000000080029f0        0xc ./Application/User/system_control_protocol_LL.o
                0x00000000080029f0                LIGHT_CONTROL_SETTING
 .text.MESSAGE_CONTROL_SETTING
                0x00000000080029fc        0xc ./Application/User/system_control_protocol_LL.o
                0x00000000080029fc                MESSAGE_CONTROL_SETTING
 .text.TX_TIMER_CONTROL_SETTING
                0x0000000008002a08        0xc ./Application/User/system_control_protocol_LL.o
                0x0000000008002a08                TX_TIMER_CONTROL_SETTING
 .text.HAL_TIM_PeriodElapsedCallback
                0x0000000008002a14       0x38 ./Application/User/system_control_protocol_LL.o
                0x0000000008002a14                HAL_TIM_PeriodElapsedCallback
 .text.UI_TaskInit
                0x0000000008002a4c       0x80 ./Application/User/ui_task.o
                0x0000000008002a4c                UI_TaskInit
 .text.UI_Scheduler
                0x0000000008002acc       0x44 ./Application/User/ui_task.o
                0x0000000008002acc                UI_Scheduler
 .text.UI_SerialCommunicationTimeOutStop
                0x0000000008002b10        0xc ./Application/User/ui_task.o
                0x0000000008002b10                UI_SerialCommunicationTimeOutStop
 .text.UI_SerialCommunicationTimeOutStart
                0x0000000008002b1c        0xc ./Application/User/ui_task.o
                0x0000000008002b1c                UI_SerialCommunicationTimeOutStart
 .text.UI_Init  0x0000000008002b28       0x14 ./Application/User/user_interface.o
                0x0000000008002b28                UI_Init
 .text.UI_SelectMC
                0x0000000008002b3c       0x10 ./Application/User/user_interface.o
                0x0000000008002b3c                UI_SelectMC
 .text.UI_GetSelectedMC
                0x0000000008002b4c        0x4 ./Application/User/user_interface.o
                0x0000000008002b4c                UI_GetSelectedMC
 .text.UI_SetReg
                0x0000000008002b50      0x180 ./Application/User/user_interface.o
                0x0000000008002b50                UI_SetReg
 .text.UI_GetReg
                0x0000000008002cd0      0x404 ./Application/User/user_interface.o
                0x0000000008002cd0                UI_GetReg
 .text.UI_ExecCmd
                0x00000000080030d4       0x78 ./Application/User/user_interface.o
                0x00000000080030d4                UI_ExecCmd
 .text.UI_ExecSpeedRamp
                0x000000000800314c       0x24 ./Application/User/user_interface.o
                0x000000000800314c                UI_ExecSpeedRamp
 .text.UI_ExecTorqueRamp
                0x0000000008003170       0x14 ./Application/User/user_interface.o
                0x0000000008003170                UI_ExecTorqueRamp
 .text.UI_GetRevupData
                0x0000000008003184       0x3c ./Application/User/user_interface.o
                0x0000000008003184                UI_GetRevupData
 .text.UI_SetRevupData
                0x00000000080031c0       0x38 ./Application/User/user_interface.o
                0x00000000080031c0                UI_SetRevupData
 .text.UI_SetCurrentReferences
                0x00000000080031f8       0x20 ./Application/User/user_interface.o
                0x00000000080031f8                UI_SetCurrentReferences
 .text.UI_GetMPInfo
                0x0000000008003218        0x4 ./Application/User/user_interface.o
                0x0000000008003218                UI_GetMPInfo
 .text.SystemInit
                0x000000000800321c       0x1c ./Drivers/CMSIS/system_stm32f4xx.o
                0x000000000800321c                SystemInit
 .text.HAL_InitTick
                0x0000000008003238       0x48 ./Drivers/STM32F4xx_HAL_Driver/stm32f4xx_hal.o
                0x0000000008003238                HAL_InitTick
 .text.HAL_Init
                0x0000000008003280       0x34 ./Drivers/STM32F4xx_HAL_Driver/stm32f4xx_hal.o
                0x0000000008003280                HAL_Init
 .text.HAL_IncTick
                0x00000000080032b4       0x18 ./Drivers/STM32F4xx_HAL_Driver/stm32f4xx_hal.o
                0x00000000080032b4                HAL_IncTick
 .text.HAL_GetTick
                0x00000000080032cc        0xc ./Drivers/STM32F4xx_HAL_Driver/stm32f4xx_hal.o
                0x00000000080032cc                HAL_GetTick
 .text.HAL_Delay
                0x00000000080032d8       0x24 ./Drivers/STM32F4xx_HAL_Driver/stm32f4xx_hal.o
                0x00000000080032d8                HAL_Delay
 .text.HAL_SuspendTick
                0x00000000080032fc       0x10 ./Drivers/STM32F4xx_HAL_Driver/stm32f4xx_hal.o
                0x00000000080032fc                HAL_SuspendTick
 .text.HAL_ADC_Init
                0x000000000800330c      0x15c ./Drivers/STM32F4xx_HAL_Driver/stm32f4xx_hal_adc.o
                0x000000000800330c                HAL_ADC_Init
 .text.HAL_ADC_ConfigChannel
                0x0000000008003468      0x150 ./Drivers/STM32F4xx_HAL_Driver/stm32f4xx_hal_adc.o
                0x0000000008003468                HAL_ADC_ConfigChannel
 .text.HAL_ADCEx_InjectedConfigChannel
                0x00000000080035b8      0x1d0 ./Drivers/STM32F4xx_HAL_Driver/stm32f4xx_hal_adc_ex.o
                0x00000000080035b8                HAL_ADCEx_InjectedConfigChannel
 .text.HAL_NVIC_SetPriorityGrouping
                0x0000000008003788       0x28 ./Drivers/STM32F4xx_HAL_Driver/stm32f4xx_hal_cortex.o
                0x0000000008003788                HAL_NVIC_SetPriorityGrouping
 .text.HAL_NVIC_SetPriority
                0x00000000080037b0       0x70 ./Drivers/STM32F4xx_HAL_Driver/stm32f4xx_hal_cortex.o
                0x00000000080037b0                HAL_NVIC_SetPriority
 .text.HAL_NVIC_EnableIRQ
                0x0000000008003820       0x1c ./Drivers/STM32F4xx_HAL_Driver/stm32f4xx_hal_cortex.o
                0x0000000008003820                HAL_NVIC_EnableIRQ
 .text.HAL_NVIC_SystemReset
                0x000000000800383c       0x24 ./Drivers/STM32F4xx_HAL_Driver/stm32f4xx_hal_cortex.o
                0x000000000800383c                HAL_NVIC_SystemReset
 .text.HAL_SYSTICK_Config
                0x0000000008003860       0x34 ./Drivers/STM32F4xx_HAL_Driver/stm32f4xx_hal_cortex.o
                0x0000000008003860                HAL_SYSTICK_Config
 .text.HAL_SYSTICK_Callback
                0x0000000008003894        0x4 ./Drivers/STM32F4xx_HAL_Driver/stm32f4xx_hal_cortex.o
                0x0000000008003894                HAL_SYSTICK_Callback
 .text.HAL_SYSTICK_IRQHandler
                0x0000000008003898        0x8 ./Drivers/STM32F4xx_HAL_Driver/stm32f4xx_hal_cortex.o
                0x0000000008003898                HAL_SYSTICK_IRQHandler
 .text.HAL_GPIO_Init
                0x00000000080038a0      0x248 ./Drivers/STM32F4xx_HAL_Driver/stm32f4xx_hal_gpio.o
                0x00000000080038a0                HAL_GPIO_Init
 .text.HAL_GPIO_WritePin
                0x0000000008003ae8        0x8 ./Drivers/STM32F4xx_HAL_Driver/stm32f4xx_hal_gpio.o
                0x0000000008003ae8                HAL_GPIO_WritePin
 .text.HAL_GPIO_TogglePin
                0x0000000008003af0       0x10 ./Drivers/STM32F4xx_HAL_Driver/stm32f4xx_hal_gpio.o
                0x0000000008003af0                HAL_GPIO_TogglePin
 .text.HAL_PWR_EnterSLEEPMode
                0x0000000008003b00       0x20 ./Drivers/STM32F4xx_HAL_Driver/stm32f4xx_hal_pwr.o
                0x0000000008003b00                HAL_PWR_EnterSLEEPMode
 .text.HAL_RCC_OscConfig
                0x0000000008003b20      0x3c0 ./Drivers/STM32F4xx_HAL_Driver/stm32f4xx_hal_rcc.o
                0x0000000008003b20                HAL_RCC_OscConfig
 .text.HAL_RCC_GetSysClockFreq
                0x0000000008003ee0       0x6c ./Drivers/STM32F4xx_HAL_Driver/stm32f4xx_hal_rcc.o
                0x0000000008003ee0                HAL_RCC_GetSysClockFreq
 .text.HAL_RCC_ClockConfig
                0x0000000008003f4c      0x13c ./Drivers/STM32F4xx_HAL_Driver/stm32f4xx_hal_rcc.o
                0x0000000008003f4c                HAL_RCC_ClockConfig
 .text.HAL_RCC_GetHCLKFreq
                0x0000000008004088        0xc ./Drivers/STM32F4xx_HAL_Driver/stm32f4xx_hal_rcc.o
                0x0000000008004088                HAL_RCC_GetHCLKFreq
 .text.HAL_RCC_GetPCLK1Freq
                0x0000000008004094       0x20 ./Drivers/STM32F4xx_HAL_Driver/stm32f4xx_hal_rcc.o
                0x0000000008004094                HAL_RCC_GetPCLK1Freq
 .text.HAL_RCC_GetPCLK2Freq
                0x00000000080040b4       0x20 ./Drivers/STM32F4xx_HAL_Driver/stm32f4xx_hal_rcc.o
                0x00000000080040b4                HAL_RCC_GetPCLK2Freq
 .text.HAL_TIM_Base_Init
                0x00000000080040d4       0xf8 ./Drivers/STM32F4xx_HAL_Driver/stm32f4xx_hal_tim.o
                0x00000000080040d4                HAL_TIM_Base_Init
 .text.HAL_TIM_Base_Start_IT
                0x00000000080041cc       0x20 ./Drivers/STM32F4xx_HAL_Driver/stm32f4xx_hal_tim.o
                0x00000000080041cc                HAL_TIM_Base_Start_IT
 .text.HAL_TIM_Base_Stop_IT
                0x00000000080041ec       0x2c ./Drivers/STM32F4xx_HAL_Driver/stm32f4xx_hal_tim.o
                0x00000000080041ec                HAL_TIM_Base_Stop_IT
 .text.HAL_TIM_PWM_MspInit
                0x0000000008004218        0x4 ./Drivers/STM32F4xx_HAL_Driver/stm32f4xx_hal_tim.o
                0x0000000008004218                HAL_TIM_PWM_MspInit
 .text.HAL_TIM_PWM_Init
                0x000000000800421c       0xf8 ./Drivers/STM32F4xx_HAL_Driver/stm32f4xx_hal_tim.o
                0x000000000800421c                HAL_TIM_PWM_Init
 .text.HAL_TIM_PWM_ConfigChannel
                0x0000000008004314      0x218 ./Drivers/STM32F4xx_HAL_Driver/stm32f4xx_hal_tim.o
                0x0000000008004314                HAL_TIM_PWM_ConfigChannel
 .text.HAL_TIM_ConfigClockSource
                0x000000000800452c      0x148 ./Drivers/STM32F4xx_HAL_Driver/stm32f4xx_hal_tim.o
                0x000000000800452c                HAL_TIM_ConfigClockSource
 .text.HAL_TIM_SlaveConfigSynchro
                0x0000000008004674       0xf4 ./Drivers/STM32F4xx_HAL_Driver/stm32f4xx_hal_tim.o
                0x0000000008004674                HAL_TIM_SlaveConfigSynchro
 .text.HAL_TIM_OC_DelayElapsedCallback
                0x0000000008004768        0x4 ./Drivers/STM32F4xx_HAL_Driver/stm32f4xx_hal_tim.o
                0x0000000008004768                HAL_TIM_OC_DelayElapsedCallback
 .text.HAL_TIM_IC_CaptureCallback
                0x000000000800476c        0x4 ./Drivers/STM32F4xx_HAL_Driver/stm32f4xx_hal_tim.o
                0x000000000800476c                HAL_TIM_IC_CaptureCallback
 .text.HAL_TIM_PWM_PulseFinishedCallback
                0x0000000008004770        0x4 ./Drivers/STM32F4xx_HAL_Driver/stm32f4xx_hal_tim.o
                0x0000000008004770                HAL_TIM_PWM_PulseFinishedCallback
 .text.HAL_TIM_TriggerCallback
                0x0000000008004774        0x4 ./Drivers/STM32F4xx_HAL_Driver/stm32f4xx_hal_tim.o
                0x0000000008004774                HAL_TIM_TriggerCallback
 .text.HAL_TIM_IRQHandler
                0x0000000008004778      0x154 ./Drivers/STM32F4xx_HAL_Driver/stm32f4xx_hal_tim.o
                0x0000000008004778                HAL_TIM_IRQHandler
 .text.TIM_Base_SetConfig
                0x00000000080048cc       0xc4 ./Drivers/STM32F4xx_HAL_Driver/stm32f4xx_hal_tim.o
                0x00000000080048cc                TIM_Base_SetConfig
 .text.TIM_OC2_SetConfig
                0x0000000008004990       0x64 ./Drivers/STM32F4xx_HAL_Driver/stm32f4xx_hal_tim.o
                0x0000000008004990                TIM_OC2_SetConfig
 .text.TIM_TI1_SetConfig
                0x00000000080049f4       0x78 ./Drivers/STM32F4xx_HAL_Driver/stm32f4xx_hal_tim.o
                0x00000000080049f4                TIM_TI1_SetConfig
 .text.HAL_TIMEx_HallSensor_MspInit
                0x0000000008004a6c        0x4 ./Drivers/STM32F4xx_HAL_Driver/stm32f4xx_hal_tim_ex.o
                0x0000000008004a6c                HAL_TIMEx_HallSensor_MspInit
 .text.HAL_TIMEx_HallSensor_Init
                0x0000000008004a70       0xb4 ./Drivers/STM32F4xx_HAL_Driver/stm32f4xx_hal_tim_ex.o
                0x0000000008004a70                HAL_TIMEx_HallSensor_Init
 .text.HAL_TIMEx_MasterConfigSynchronization
                0x0000000008004b24       0x84 ./Drivers/STM32F4xx_HAL_Driver/stm32f4xx_hal_tim_ex.o
                0x0000000008004b24                HAL_TIMEx_MasterConfigSynchronization
 .text.HAL_TIMEx_ConfigBreakDeadTime
                0x0000000008004ba8       0x54 ./Drivers/STM32F4xx_HAL_Driver/stm32f4xx_hal_tim_ex.o
                0x0000000008004ba8                HAL_TIMEx_ConfigBreakDeadTime
 .text.HAL_TIMEx_CommutCallback
                0x0000000008004bfc        0x4 ./Drivers/STM32F4xx_HAL_Driver/stm32f4xx_hal_tim_ex.o
                0x0000000008004bfc                HAL_TIMEx_CommutCallback
 .text.HAL_TIMEx_BreakCallback
                0x0000000008004c00        0x4 ./Drivers/STM32F4xx_HAL_Driver/stm32f4xx_hal_tim_ex.o
                0x0000000008004c00                HAL_TIMEx_BreakCallback
 .text.HAL_UART_Init
                0x0000000008004c04      0x144 ./Drivers/STM32F4xx_HAL_Driver/stm32f4xx_hal_uart.o
                0x0000000008004c04                HAL_UART_Init
 .text.HAL_UART_Transmit
                0x0000000008004d48      0x128 ./Drivers/STM32F4xx_HAL_Driver/stm32f4xx_hal_uart.o
                0x0000000008004d48                HAL_UART_Transmit
 .text.VBS_GetAvBusVoltage_V
                0x0000000008004e70        0xc ./Middlewares/MotorControl/bus_voltage_sensor.o
                0x0000000008004e70                VBS_GetAvBusVoltage_V
 .text.Circle_Limitation
                0x0000000008004e7c       0x64 ./Middlewares/MotorControl/circle_limitation.o
                0x0000000008004e7c                Circle_Limitation
 .text.FCP_Init
                0x0000000008004ee0       0x18 ./Middlewares/MotorControl/frame_communication_protocol.o
                0x0000000008004ee0                FCP_Init
 .text.FCP_SetClient
                0x0000000008004ef8       0x10 ./Middlewares/MotorControl/frame_communication_protocol.o
                0x0000000008004ef8                FCP_SetClient
 .text.FCP_CalcCRC
                0x0000000008004f08       0x2c ./Middlewares/MotorControl/frame_communication_protocol.o
                0x0000000008004f08                FCP_CalcCRC
 .text.HALL_Init
                0x0000000008004f34      0x104 ./Middlewares/MotorControl/hall_speed_pos_fdbk.o
                0x0000000008004f34                HALL_Init
 .text.HALL_Clear
                0x0000000008005038      0x148 ./Middlewares/MotorControl/hall_speed_pos_fdbk.o
                0x0000000008005038                HALL_Clear
 .text.HALL_CalcElAngle
                0x0000000008005180       0x44 ./Middlewares/MotorControl/hall_speed_pos_fdbk.o
                0x0000000008005180                HALL_CalcElAngle
 .text.HALL_CalcAvrgMecSpeedUnit
                0x00000000080051c4       0x94 ./Middlewares/MotorControl/hall_speed_pos_fdbk.o
                0x00000000080051c4                HALL_CalcAvrgMecSpeedUnit
 .text.HALL_TIMx_CC_IRQHandler
                0x0000000008005258      0x328 ./Middlewares/MotorControl/hall_speed_pos_fdbk.o
                0x0000000008005258                HALL_TIMx_CC_IRQHandler
 .text.HALL_TIMx_UP_IRQHandler
                0x0000000008005580      0x168 ./Middlewares/MotorControl/hall_speed_pos_fdbk.o
                0x0000000008005580                HALL_TIMx_UP_IRQHandler
 .text.ICS_GetPhaseCurrents
                0x00000000080056e8       0x90 ./Middlewares/MotorControl/ics_f4xx_pwm_curr_fdbk.o
                0x00000000080056e8                ICS_GetPhaseCurrents
 .text.ICS_HFCurrentsCalibration
                0x0000000008005778       0x4c ./Middlewares/MotorControl/ics_f4xx_pwm_curr_fdbk.o
                0x0000000008005778                ICS_HFCurrentsCalibration
 .text.ICS_Init
                0x00000000080057c4       0xcc ./Middlewares/MotorControl/ics_f4xx_pwm_curr_fdbk.o
                0x00000000080057c4                ICS_Init
 .text.ICS_TurnOnLowSides
                0x0000000008005890       0x48 ./Middlewares/MotorControl/ics_f4xx_pwm_curr_fdbk.o
                0x0000000008005890                ICS_TurnOnLowSides
 .text.ICS_SwitchOnPWM
                0x00000000080058d8       0x88 ./Middlewares/MotorControl/ics_f4xx_pwm_curr_fdbk.o
                0x00000000080058d8                ICS_SwitchOnPWM
 .text.ICS_SwitchOffPWM
                0x0000000008005960       0x50 ./Middlewares/MotorControl/ics_f4xx_pwm_curr_fdbk.o
                0x0000000008005960                ICS_SwitchOffPWM
 .text.ICS_CurrentReadingCalibration
                0x00000000080059b0       0xa0 ./Middlewares/MotorControl/ics_f4xx_pwm_curr_fdbk.o
                0x00000000080059b0                ICS_CurrentReadingCalibration
 .text.ICS_WriteTIMRegisters
                0x0000000008005a50       0x20 ./Middlewares/MotorControl/ics_f4xx_pwm_curr_fdbk.o
                0x0000000008005a50                ICS_WriteTIMRegisters
 .text.ICS_TIMx_UP_IRQHandler
                0x0000000008005a70       0x94 ./Middlewares/MotorControl/ics_f4xx_pwm_curr_fdbk.o
                0x0000000008005a70                ICS_TIMx_UP_IRQHandler
 .text.ICS_BRK_IRQHandler
                0x0000000008005b04       0x38 ./Middlewares/MotorControl/ics_f4xx_pwm_curr_fdbk.o
                0x0000000008005b04                ICS_BRK_IRQHandler
 .text.ICS_IsOverCurrentOccurred
                0x0000000008005b3c       0x14 ./Middlewares/MotorControl/ics_f4xx_pwm_curr_fdbk.o
                0x0000000008005b3c                ICS_IsOverCurrentOccurred
 .text.MPM_Clear
                0x0000000008005b50       0x18 ./Middlewares/MotorControl/motor_power_measurement.o
                0x0000000008005b50                MPM_Clear
 .text.MPM_CalcElMotorPower
                0x0000000008005b68       0x44 ./Middlewares/MotorControl/motor_power_measurement.o
                0x0000000008005b68                MPM_CalcElMotorPower
 .text.MPM_GetAvrgElMotorPowerW
                0x0000000008005bac        0x8 ./Middlewares/MotorControl/motor_power_measurement.o
                0x0000000008005bac                MPM_GetAvrgElMotorPowerW
 .text.NTC_SetFaultState
                0x0000000008005bb4       0x1c ./Middlewares/MotorControl/ntc_temperature_sensor.o
                0x0000000008005bb4                NTC_SetFaultState
 .text.NTC_Clear
                0x0000000008005bd0        0x8 ./Middlewares/MotorControl/ntc_temperature_sensor.o
                0x0000000008005bd0                NTC_Clear
 .text.NTC_Init
                0x0000000008005bd8       0x24 ./Middlewares/MotorControl/ntc_temperature_sensor.o
                0x0000000008005bd8                NTC_Init
 .text.NTC_CalcAvTemp
                0x0000000008005bfc       0x38 ./Middlewares/MotorControl/ntc_temperature_sensor.o
                0x0000000008005bfc                NTC_CalcAvTemp
 .text.NTC_GetAvTemp_C
                0x0000000008005c34       0x2c ./Middlewares/MotorControl/ntc_temperature_sensor.o
                0x0000000008005c34                NTC_GetAvTemp_C
 .text.PID_HandleInit
                0x0000000008005c60       0x10 ./Middlewares/MotorControl/pid_regulator.o
                0x0000000008005c60                PID_HandleInit
 .text.PID_SetKP
                0x0000000008005c70        0x4 ./Middlewares/MotorControl/pid_regulator.o
                0x0000000008005c70                PID_SetKP
 .text.PID_SetKI
                0x0000000008005c74        0x4 ./Middlewares/MotorControl/pid_regulator.o
                0x0000000008005c74                PID_SetKI
 .text.PID_GetKP
                0x0000000008005c78        0x8 ./Middlewares/MotorControl/pid_regulator.o
                0x0000000008005c78                PID_GetKP
 .text.PID_GetKI
                0x0000000008005c80        0x8 ./Middlewares/MotorControl/pid_regulator.o
                0x0000000008005c80                PID_GetKI
 .text.PID_SetIntegralTerm
                0x0000000008005c88        0x4 ./Middlewares/MotorControl/pid_regulator.o
                0x0000000008005c88                PID_SetIntegralTerm
 .text.PID_GetKPDivisor
                0x0000000008005c8c        0x4 ./Middlewares/MotorControl/pid_regulator.o
                0x0000000008005c8c                PID_GetKPDivisor
 .text.PID_GetKIDivisor
                0x0000000008005c90        0x4 ./Middlewares/MotorControl/pid_regulator.o
                0x0000000008005c90                PID_GetKIDivisor
 .text.PID_SetKD
                0x0000000008005c94        0x4 ./Middlewares/MotorControl/pid_regulator.o
                0x0000000008005c94                PID_SetKD
 .text.PID_GetKD
                0x0000000008005c98        0x8 ./Middlewares/MotorControl/pid_regulator.o
                0x0000000008005c98                PID_GetKD
 .text.PI_Controller
                0x0000000008005ca0       0x8c ./Middlewares/MotorControl/pid_regulator.o
                0x0000000008005ca0                PI_Controller
 .text.PQD_CalcElMotorPower
                0x0000000008005d2c       0x68 ./Middlewares/MotorControl/pqd_motor_power_measurement.o
                0x0000000008005d2c                PQD_CalcElMotorPower
 .text.startTimers
                0x0000000008005d94       0x64 ./Middlewares/MotorControl/pwm_common.o
                0x0000000008005d94                startTimers
 .text.waitForPolarizationEnd
                0x0000000008005df8       0x44 ./Middlewares/MotorControl/pwm_common.o
                0x0000000008005df8                waitForPolarizationEnd
 .text.PWMC_GetPhaseCurrents
                0x0000000008005e3c        0x4 ./Middlewares/MotorControl/pwm_curr_fdbk.o
                0x0000000008005e3c                PWMC_GetPhaseCurrents
 .text.PWMC_SetPhaseVoltage
                0x0000000008005e40      0x250 ./Middlewares/MotorControl/pwm_curr_fdbk.o
                0x0000000008005e40                PWMC_SetPhaseVoltage
 .text.PWMC_SwitchOffPWM
                0x0000000008006090        0x4 ./Middlewares/MotorControl/pwm_curr_fdbk.o
                0x0000000008006090                PWMC_SwitchOffPWM
 .text.PWMC_CurrentReadingCalibr
                0x0000000008006094       0x54 ./Middlewares/MotorControl/pwm_curr_fdbk.o
                0x0000000008006094                PWMC_CurrentReadingCalibr
 .text.PWMC_CheckOverCurrent
                0x00000000080060e8        0x4 ./Middlewares/MotorControl/pwm_curr_fdbk.o
                0x00000000080060e8                PWMC_CheckOverCurrent
 .text.REMNG_Init
                0x00000000080060ec       0x10 ./Middlewares/MotorControl/ramp_ext_mngr.o
                0x00000000080060ec                REMNG_Init
 .text.SPD_GetElAngle
                0x00000000080060fc        0x8 ./Middlewares/MotorControl/speed_pos_fdbk.o
                0x00000000080060fc                SPD_GetElAngle
 .text.SPD_GetAvrgMecSpeedUnit
                0x0000000008006104        0x8 ./Middlewares/MotorControl/speed_pos_fdbk.o
                0x0000000008006104                SPD_GetAvrgMecSpeedUnit
 .text.SPD_GetInstElSpeedDpp
                0x000000000800610c        0x8 ./Middlewares/MotorControl/speed_pos_fdbk.o
                0x000000000800610c                SPD_GetInstElSpeedDpp
 .text.SPD_IsMecSpeedReliable
                0x0000000008006114       0x58 ./Middlewares/MotorControl/speed_pos_fdbk.o
                0x0000000008006114                SPD_IsMecSpeedReliable
 .text.SPD_GetS16Speed
                0x000000000800616c       0x14 ./Middlewares/MotorControl/speed_pos_fdbk.o
                0x000000000800616c                SPD_GetS16Speed
 .text.STC_Init
                0x0000000008006180       0x28 ./Middlewares/MotorControl/speed_torq_ctrl.o
                0x0000000008006180                STC_Init
 .text.STC_GetSpeedSensor
                0x00000000080061a8        0x4 ./Middlewares/MotorControl/speed_torq_ctrl.o
                0x00000000080061a8                STC_GetSpeedSensor
 .text.STC_Clear
                0x00000000080061ac       0x10 ./Middlewares/MotorControl/speed_torq_ctrl.o
                0x00000000080061ac                STC_Clear
 .text.STC_GetMecSpeedRefUnit
                0x00000000080061bc       0x10 ./Middlewares/MotorControl/speed_torq_ctrl.o
                0x00000000080061bc                STC_GetMecSpeedRefUnit
 .text.STC_GetTorqueRef
                0x00000000080061cc       0x10 ./Middlewares/MotorControl/speed_torq_ctrl.o
                0x00000000080061cc                STC_GetTorqueRef
 .text.STC_SetControlMode
                0x00000000080061dc        0x8 ./Middlewares/MotorControl/speed_torq_ctrl.o
                0x00000000080061dc                STC_SetControlMode
 .text.STC_ExecRamp
                0x00000000080061e4       0x90 ./Middlewares/MotorControl/speed_torq_ctrl.o
                0x00000000080061e4                STC_ExecRamp
 .text.STC_StopRamp
                0x0000000008006274        0x8 ./Middlewares/MotorControl/speed_torq_ctrl.o
                0x0000000008006274                STC_StopRamp
 .text.STC_CalcTorqueReference
                0x000000000800627c       0x64 ./Middlewares/MotorControl/speed_torq_ctrl.o
                0x000000000800627c                STC_CalcTorqueReference
 .text.STC_GetMecSpeedRefUnitDefault
                0x00000000080062e0        0x8 ./Middlewares/MotorControl/speed_torq_ctrl.o
                0x00000000080062e0                STC_GetMecSpeedRefUnitDefault
 .text.STC_GetMaxAppPositiveMecSpeedUnit
                0x00000000080062e8        0x4 ./Middlewares/MotorControl/speed_torq_ctrl.o
                0x00000000080062e8                STC_GetMaxAppPositiveMecSpeedUnit
 .text.STC_GetMinAppNegativeMecSpeedUnit
                0x00000000080062ec        0x8 ./Middlewares/MotorControl/speed_torq_ctrl.o
                0x00000000080062ec                STC_GetMinAppNegativeMecSpeedUnit
 .text.STC_GetDefaultIqdref
                0x00000000080062f4       0x1c ./Middlewares/MotorControl/speed_torq_ctrl.o
                0x00000000080062f4                STC_GetDefaultIqdref
 .text.STC_ForceSpeedReferenceToCurrentSpeed
                0x0000000008006310       0x10 ./Middlewares/MotorControl/speed_torq_ctrl.o
                0x0000000008006310                STC_ForceSpeedReferenceToCurrentSpeed
 .text.STM_Init
                0x0000000008006320        0xc ./Middlewares/MotorControl/state_machine.o
                0x0000000008006320                STM_Init
 .text.STM_FaultProcessing
                0x000000000800632c       0x3c ./Middlewares/MotorControl/state_machine.o
                0x000000000800632c                STM_FaultProcessing
 .text.STM_NextState
                0x0000000008006368       0xe8 ./Middlewares/MotorControl/state_machine.o
                0x0000000008006368                STM_NextState
 .text.STM_GetState
                0x0000000008006450        0x4 ./Middlewares/MotorControl/state_machine.o
                0x0000000008006450                STM_GetState
 .text.STM_FaultAcknowledged
                0x0000000008006454       0x18 ./Middlewares/MotorControl/state_machine.o
                0x0000000008006454                STM_FaultAcknowledged
 .text.STM_GetFaultState
                0x000000000800646c        0xc ./Middlewares/MotorControl/state_machine.o
                0x000000000800646c                STM_GetFaultState
 .text.UFCP_Init
                0x0000000008006478        0x4 ./Middlewares/MotorControl/usart_frame_communication_protocol.o
                0x0000000008006478                UFCP_Init
 .text.UFCP_TX_IRQ_Handler
                0x000000000800647c       0x60 ./Middlewares/MotorControl/usart_frame_communication_protocol.o
                0x000000000800647c                UFCP_TX_IRQ_Handler
 .text.UFCP_Receive
                0x00000000080064dc       0x20 ./Middlewares/MotorControl/usart_frame_communication_protocol.o
                0x00000000080064dc                UFCP_Receive
 .text.UFCP_Send
                0x00000000080064fc       0xb0 ./Middlewares/MotorControl/usart_frame_communication_protocol.o
                0x00000000080064fc                UFCP_Send
 .text.UFCP_RX_IRQ_Handler
                0x00000000080065ac       0xcc ./Middlewares/MotorControl/usart_frame_communication_protocol.o
                0x00000000080065ac                UFCP_RX_IRQ_Handler
 .text.UFCP_OVR_IRQ_Handler
                0x0000000008006678       0x1c ./Middlewares/MotorControl/usart_frame_communication_protocol.o
                0x0000000008006678                UFCP_OVR_IRQ_Handler
 .text.UFCP_AbortReceive
                0x0000000008006694        0x8 ./Middlewares/MotorControl/usart_frame_communication_protocol.o
                0x0000000008006694                UFCP_AbortReceive
 .text.VVBS_Init
                0x000000000800669c       0x14 ./Middlewares/MotorControl/virtual_bus_voltage_sensor.o
                0x000000000800669c                VVBS_Init
 .text.RUC_SetPhaseDurationms
                0x00000000080066b0        0xc ../../MCSDK_v5.4.5/MotorControl/lib\libmc-gcc_M4_NoCCMRAM.lib(revup_ctrl.o)
                0x00000000080066b0                RUC_SetPhaseDurationms
 .text.RUC_SetPhaseFinalMecSpeedUnit
                0x00000000080066bc        0xc ../../MCSDK_v5.4.5/MotorControl/lib\libmc-gcc_M4_NoCCMRAM.lib(revup_ctrl.o)
                0x00000000080066bc                RUC_SetPhaseFinalMecSpeedUnit
 .text.RUC_SetPhaseFinalTorque
                0x00000000080066c8        0xc ../../MCSDK_v5.4.5/MotorControl/lib\libmc-gcc_M4_NoCCMRAM.lib(revup_ctrl.o)
                0x00000000080066c8                RUC_SetPhaseFinalTorque
 .text.RUC_GetPhaseDurationms
                0x00000000080066d4        0xc ../../MCSDK_v5.4.5/MotorControl/lib\libmc-gcc_M4_NoCCMRAM.lib(revup_ctrl.o)
                0x00000000080066d4                RUC_GetPhaseDurationms
 .text.RUC_GetPhaseFinalMecSpeedUnit
                0x00000000080066e0       0x10 ../../MCSDK_v5.4.5/MotorControl/lib\libmc-gcc_M4_NoCCMRAM.lib(revup_ctrl.o)
                0x00000000080066e0                RUC_GetPhaseFinalMecSpeedUnit
 .text.RUC_GetPhaseFinalTorque
                0x00000000080066f0       0x10 ../../MCSDK_v5.4.5/MotorControl/lib\libmc-gcc_M4_NoCCMRAM.lib(revup_ctrl.o)
                0x00000000080066f0                RUC_GetPhaseFinalTorque
 .text.RUC_GetNumberOfPhases
                0x0000000008006700        0x8 ../../MCSDK_v5.4.5/MotorControl/lib\libmc-gcc_M4_NoCCMRAM.lib(revup_ctrl.o)
                0x0000000008006700                RUC_GetNumberOfPhases
 .text.__errno  0x0000000008006708        0xc c:/st/stm32cubeide_1.6.1/stm32cubeide/plugins/com.st.stm32cube.ide.mcu.externaltools.gnu-tools-for-stm32.9-2020-q2-update.win32_2.0.0.202105311346/tools/bin/../lib/gcc/arm-none-eabi/9.3.1/../../../../arm-none-eabi/lib/thumb/v7e-m+fp/hard\libc_nano.a(lib_a-errno.o)
                0x0000000008006708                __errno
 .text.__libc_init_array
                0x0000000008006714       0x48 c:/st/stm32cubeide_1.6.1/stm32cubeide/plugins/com.st.stm32cube.ide.mcu.externaltools.gnu-tools-for-stm32.9-2020-q2-update.win32_2.0.0.202105311346/tools/bin/../lib/gcc/arm-none-eabi/9.3.1/../../../../arm-none-eabi/lib/thumb/v7e-m+fp/hard\libc_nano.a(lib_a-init.o)
                0x0000000008006714                __libc_init_array
 .text.malloc   0x000000000800675c       0x10 c:/st/stm32cubeide_1.6.1/stm32cubeide/plugins/com.st.stm32cube.ide.mcu.externaltools.gnu-tools-for-stm32.9-2020-q2-update.win32_2.0.0.202105311346/tools/bin/../lib/gcc/arm-none-eabi/9.3.1/../../../../arm-none-eabi/lib/thumb/v7e-m+fp/hard\libc_nano.a(lib_a-malloc.o)
                0x000000000800675c                malloc
 .text.memset   0x000000000800676c       0x10 c:/st/stm32cubeide_1.6.1/stm32cubeide/plugins/com.st.stm32cube.ide.mcu.externaltools.gnu-tools-for-stm32.9-2020-q2-update.win32_2.0.0.202105311346/tools/bin/../lib/gcc/arm-none-eabi/9.3.1/../../../../arm-none-eabi/lib/thumb/v7e-m+fp/hard\libc_nano.a(lib_a-memset.o)
                0x000000000800676c                memset
 .text._malloc_r
                0x000000000800677c       0xb4 c:/st/stm32cubeide_1.6.1/stm32cubeide/plugins/com.st.stm32cube.ide.mcu.externaltools.gnu-tools-for-stm32.9-2020-q2-update.win32_2.0.0.202105311346/tools/bin/../lib/gcc/arm-none-eabi/9.3.1/../../../../arm-none-eabi/lib/thumb/v7e-m+fp/hard\libc_nano.a(lib_a-nano-mallocr.o)
                0x000000000800677c                _malloc_r
 .text._sbrk_r  0x0000000008006830       0x20 c:/st/stm32cubeide_1.6.1/stm32cubeide/plugins/com.st.stm32cube.ide.mcu.externaltools.gnu-tools-for-stm32.9-2020-q2-update.win32_2.0.0.202105311346/tools/bin/../lib/gcc/arm-none-eabi/9.3.1/../../../../arm-none-eabi/lib/thumb/v7e-m+fp/hard\libc_nano.a(lib_a-sbrkr.o)
                0x0000000008006830                _sbrk_r
 .text.__malloc_lock
                0x0000000008006850        0xc c:/st/stm32cubeide_1.6.1/stm32cubeide/plugins/com.st.stm32cube.ide.mcu.externaltools.gnu-tools-for-stm32.9-2020-q2-update.win32_2.0.0.202105311346/tools/bin/../lib/gcc/arm-none-eabi/9.3.1/../../../../arm-none-eabi/lib/thumb/v7e-m+fp/hard\libc_nano.a(lib_a-mlock.o)
                0x0000000008006850                __malloc_lock
 .text.__malloc_unlock
                0x000000000800685c        0xc c:/st/stm32cubeide_1.6.1/stm32cubeide/plugins/com.st.stm32cube.ide.mcu.externaltools.gnu-tools-for-stm32.9-2020-q2-update.win32_2.0.0.202105311346/tools/bin/../lib/gcc/arm-none-eabi/9.3.1/../../../../arm-none-eabi/lib/thumb/v7e-m+fp/hard\libc_nano.a(lib_a-mlock.o)
                0x000000000800685c                __malloc_unlock
 .text.__retarget_lock_acquire_recursive
                0x0000000008006868        0x2 c:/st/stm32cubeide_1.6.1/stm32cubeide/plugins/com.st.stm32cube.ide.mcu.externaltools.gnu-tools-for-stm32.9-2020-q2-update.win32_2.0.0.202105311346/tools/bin/../lib/gcc/arm-none-eabi/9.3.1/../../../../arm-none-eabi/lib/thumb/v7e-m+fp/hard\libc_nano.a(lib_a-lock.o)
                0x0000000008006868                __retarget_lock_acquire_recursive
 .text.__retarget_lock_release_recursive
                0x000000000800686a        0x2 c:/st/stm32cubeide_1.6.1/stm32cubeide/plugins/com.st.stm32cube.ide.mcu.externaltools.gnu-tools-for-stm32.9-2020-q2-update.win32_2.0.0.202105311346/tools/bin/../lib/gcc/arm-none-eabi/9.3.1/../../../../arm-none-eabi/lib/thumb/v7e-m+fp/hard\libc_nano.a(lib_a-lock.o)
                0x000000000800686a                __retarget_lock_release_recursive
 *(.glue_7)
 .glue_7        0x000000000800686c        0x0 linker stubs
 *(.glue_7t)
 .glue_7t       0x000000000800686c        0x0 linker stubs
 *(.eh_frame)
 .eh_frame      0x000000000800686c        0x0 c:/st/stm32cubeide_1.6.1/stm32cubeide/plugins/com.st.stm32cube.ide.mcu.externaltools.gnu-tools-for-stm32.9-2020-q2-update.win32_2.0.0.202105311346/tools/bin/../lib/gcc/arm-none-eabi/9.3.1/thumb/v7e-m+fp/hard/crtbegin.o
 *(.init)
 .init          0x000000000800686c        0x4 c:/st/stm32cubeide_1.6.1/stm32cubeide/plugins/com.st.stm32cube.ide.mcu.externaltools.gnu-tools-for-stm32.9-2020-q2-update.win32_2.0.0.202105311346/tools/bin/../lib/gcc/arm-none-eabi/9.3.1/thumb/v7e-m+fp/hard/crti.o
                0x000000000800686c                _init
 .init          0x0000000008006870        0x8 c:/st/stm32cubeide_1.6.1/stm32cubeide/plugins/com.st.stm32cube.ide.mcu.externaltools.gnu-tools-for-stm32.9-2020-q2-update.win32_2.0.0.202105311346/tools/bin/../lib/gcc/arm-none-eabi/9.3.1/thumb/v7e-m+fp/hard/crtn.o
 *(.fini)
 .fini          0x0000000008006878        0x4 c:/st/stm32cubeide_1.6.1/stm32cubeide/plugins/com.st.stm32cube.ide.mcu.externaltools.gnu-tools-for-stm32.9-2020-q2-update.win32_2.0.0.202105311346/tools/bin/../lib/gcc/arm-none-eabi/9.3.1/thumb/v7e-m+fp/hard/crti.o
                0x0000000008006878                _fini
 .fini          0x000000000800687c        0x8 c:/st/stm32cubeide_1.6.1/stm32cubeide/plugins/com.st.stm32cube.ide.mcu.externaltools.gnu-tools-for-stm32.9-2020-q2-update.win32_2.0.0.202105311346/tools/bin/../lib/gcc/arm-none-eabi/9.3.1/thumb/v7e-m+fp/hard/crtn.o
                0x0000000008006884                . = ALIGN (0x4)
                0x0000000008006884                _etext = .

.vfp11_veneer   0x0000000008006884        0x0
 .vfp11_veneer  0x0000000008006884        0x0 linker stubs

.v4_bx          0x0000000008006884        0x0
 .v4_bx         0x0000000008006884        0x0 linker stubs

.iplt           0x0000000008006884        0x0
 .iplt          0x0000000008006884        0x0 c:/st/stm32cubeide_1.6.1/stm32cubeide/plugins/com.st.stm32cube.ide.mcu.externaltools.gnu-tools-for-stm32.9-2020-q2-update.win32_2.0.0.202105311346/tools/bin/../lib/gcc/arm-none-eabi/9.3.1/thumb/v7e-m+fp/hard/crtbegin.o

.rodata         0x0000000008006884      0x270
                0x0000000008006884                . = ALIGN (0x4)
 *(.rodata)
 *(.rodata*)
 .rodata.hSin_Cos_Table
                0x0000000008006884      0x200 ./Application/User/mc_math.o
                0x0000000008006884                hSin_Cos_Table
 .rodata.ICS_ParamsM1
                0x0000000008006a84       0x30 ./Application/User/mc_parameters.o
                0x0000000008006a84                ICS_ParamsM1
 .rodata.s_fwVer
                0x0000000008006ab4       0x20 ./Application/User/motorcontrol.o
                0x0000000008006ab4                s_fwVer
 .rodata.AHBPrescTable
                0x0000000008006ad4       0x10 ./Drivers/CMSIS/system_stm32f4xx.o
                0x0000000008006ad4                AHBPrescTable
 .rodata.APBPrescTable
                0x0000000008006ae4        0x8 ./Drivers/CMSIS/system_stm32f4xx.o
                0x0000000008006ae4                APBPrescTable
 .rodata.UFCP_Usart_Timeout_none
                0x0000000008006aec        0x2 ./Middlewares/MotorControl/usart_frame_communication_protocol.o
 .rodata.UFCP_Usart_Timeout_start
                0x0000000008006aee        0x2 ./Middlewares/MotorControl/usart_frame_communication_protocol.o
 .rodata.UFCP_Usart_Timeout_stop
                0x0000000008006af0        0x2 ./Middlewares/MotorControl/usart_frame_communication_protocol.o
                0x0000000008006af4                . = ALIGN (0x4)
 *fill*         0x0000000008006af2        0x2 

.ARM.extab      0x0000000008006af4        0x0
                0x0000000008006af4                . = ALIGN (0x4)
 *(.ARM.extab* .gnu.linkonce.armextab.*)
                0x0000000008006af4                . = ALIGN (0x4)

.ARM            0x0000000008006af4        0x8
                0x0000000008006af4                . = ALIGN (0x4)
                0x0000000008006af4                __exidx_start = .
 *(.ARM.exidx*)
 .ARM.exidx     0x0000000008006af4        0x8 c:/st/stm32cubeide_1.6.1/stm32cubeide/plugins/com.st.stm32cube.ide.mcu.externaltools.gnu-tools-for-stm32.9-2020-q2-update.win32_2.0.0.202105311346/tools/bin/../lib/gcc/arm-none-eabi/9.3.1/thumb/v7e-m+fp/hard\libgcc.a(_udivmoddi4.o)
                0x0000000008006afc                __exidx_end = .
                0x0000000008006afc                . = ALIGN (0x4)

.rel.dyn        0x0000000008006afc        0x0
 .rel.iplt      0x0000000008006afc        0x0 c:/st/stm32cubeide_1.6.1/stm32cubeide/plugins/com.st.stm32cube.ide.mcu.externaltools.gnu-tools-for-stm32.9-2020-q2-update.win32_2.0.0.202105311346/tools/bin/../lib/gcc/arm-none-eabi/9.3.1/thumb/v7e-m+fp/hard/crtbegin.o

.preinit_array  0x0000000008006afc        0x0
                0x0000000008006afc                . = ALIGN (0x4)
                0x0000000008006afc                PROVIDE (__preinit_array_start = .)
 *(.preinit_array*)
                0x0000000008006afc                PROVIDE (__preinit_array_end = .)
                0x0000000008006afc                . = ALIGN (0x4)

.init_array     0x0000000008006afc        0x4
                0x0000000008006afc                . = ALIGN (0x4)
                0x0000000008006afc                PROVIDE (__init_array_start = .)
 *(SORT_BY_NAME(.init_array.*))
 *(.init_array*)
 .init_array    0x0000000008006afc        0x4 c:/st/stm32cubeide_1.6.1/stm32cubeide/plugins/com.st.stm32cube.ide.mcu.externaltools.gnu-tools-for-stm32.9-2020-q2-update.win32_2.0.0.202105311346/tools/bin/../lib/gcc/arm-none-eabi/9.3.1/thumb/v7e-m+fp/hard/crtbegin.o
                0x0000000008006b00                PROVIDE (__init_array_end = .)
                0x0000000008006b00                . = ALIGN (0x4)

.fini_array     0x0000000008006b00        0x4
                0x0000000008006b00                . = ALIGN (0x4)
                [!provide]                        PROVIDE (__fini_array_start = .)
 *(SORT_BY_NAME(.fini_array.*))
 *(.fini_array*)
 .fini_array    0x0000000008006b00        0x4 c:/st/stm32cubeide_1.6.1/stm32cubeide/plugins/com.st.stm32cube.ide.mcu.externaltools.gnu-tools-for-stm32.9-2020-q2-update.win32_2.0.0.202105311346/tools/bin/../lib/gcc/arm-none-eabi/9.3.1/thumb/v7e-m+fp/hard/crtbegin.o
                [!provide]                        PROVIDE (__fini_array_end = .)
                0x0000000008006b04                . = ALIGN (0x4)
                0x0000000008006b04                _sidata = LOADADDR (.data)

.data           0x0000000020000000      0x5fc load address 0x0000000008006b04
                0x0000000020000000                . = ALIGN (0x4)
                0x0000000020000000                _sdata = .
 *(.data)
 *(.data*)
 .data.CircleLimitationM1
                0x0000000020000000       0xb4 ./Application/User/mc_config.o
                0x0000000020000000                CircleLimitationM1
 .data.HALL_M1  0x00000000200000b4       0xc8 ./Application/User/mc_config.o
                0x00000000200000b4                HALL_M1
 .data.PIDIdHandle_M1
                0x000000002000017c       0x2c ./Application/User/mc_config.o
                0x000000002000017c                PIDIdHandle_M1
 .data.PIDIqHandle_M1
                0x00000000200001a8       0x2c ./Application/User/mc_config.o
                0x00000000200001a8                PIDIqHandle_M1
 .data.PIDSpeedHandle_M1
                0x00000000200001d4       0x2c ./Application/User/mc_config.o
                0x00000000200001d4                PIDSpeedHandle_M1
 .data.PQD_MotorPowMeasM1
                0x0000000020000200      0x114 ./Application/User/mc_config.o
                0x0000000020000200                PQD_MotorPowMeasM1
 .data.PWM_Handle_M1
                0x0000000020000314       0x74 ./Application/User/mc_config.o
                0x0000000020000314                PWM_Handle_M1
 .data.RampExtMngrHFParamsM1
                0x0000000020000388       0x18 ./Application/User/mc_config.o
                0x0000000020000388                RampExtMngrHFParamsM1
 .data.SpeednTorqCtrlM1
                0x00000000200003a0       0x34 ./Application/User/mc_config.o
                0x00000000200003a0                SpeednTorqCtrlM1
 .data.TempSensorParamsM1
                0x00000000200003d4       0x28 ./Application/User/mc_config.o
                0x00000000200003d4                TempSensorParamsM1
 .data.VirtualBusVoltageSensorParamsM1
                0x00000000200003fc        0xc ./Application/User/mc_config.o
                0x00000000200003fc                VirtualBusVoltageSensorParamsM1
 .data.pUSART   0x0000000020000408      0x13c ./Application/User/mc_config.o
                0x0000000020000408                pUSART
 .data.HEARTBEAT
                0x0000000020000544        0x1 ./Application/User/motor_control_protocol.o
                0x0000000020000544                HEARTBEAT
 .data.LIGHT_OFF
                0x0000000020000545        0x1 ./Application/User/motor_control_protocol.o
                0x0000000020000545                LIGHT_OFF
 .data.LIGHT_ON
                0x0000000020000546        0x1 ./Application/User/motor_control_protocol.o
                0x0000000020000546                LIGHT_ON
 .data.LIGHT_TOGGLE
                0x0000000020000547        0x1 ./Application/User/motor_control_protocol.o
                0x0000000020000547                LIGHT_TOGGLE
 .data.POWER_OFF
                0x0000000020000548        0x1 ./Application/User/motor_control_protocol.o
                0x0000000020000548                POWER_OFF
 .data.SERINUM  0x0000000020000549        0x1 ./Application/User/motor_control_protocol.o
                0x0000000020000549                SERINUM
 *fill*         0x000000002000054a        0x2 
 .data.wConfig  0x000000002000054c        0x4 ./Application/User/motorcontrol.o
                0x000000002000054c                wConfig
 .data.power_control
                0x0000000020000550        0x8 ./Application/User/power_control_LL.o
 .data.power_status_indicator
                0x0000000020000558        0x8 ./Application/User/power_control_LL.o
 .data.SystickDividerCounter.13460
                0x0000000020000560        0x1 ./Application/User/stm32f4xx_mc_it.o
 *fill*         0x0000000020000561        0x3 
 .data.light_control
                0x0000000020000564        0x8 ./Application/User/system_control_protocol_LL.o
 .data.msg      0x000000002000056c        0x4 ./Application/User/system_control_protocol_LL.o
 .data.tail_light_flash
                0x0000000020000570        0xc ./Application/User/system_control_protocol_LL.o
 .data.tx_timer_control
                0x000000002000057c        0xc ./Application/User/system_control_protocol_LL.o
 .data.bCOMATRTimeCounter
                0x0000000020000588        0x2 ./Application/User/ui_task.o
 *fill*         0x000000002000058a        0x2 
 .data.SystemCoreClock
                0x000000002000058c        0x4 ./Drivers/CMSIS/system_stm32f4xx.o
                0x000000002000058c                SystemCoreClock
 .data.uwTickFreq
                0x0000000020000590        0x1 ./Drivers/STM32F4xx_HAL_Driver/stm32f4xx_hal.o
                0x0000000020000590                uwTickFreq
 *fill*         0x0000000020000591        0x3 
 .data.uwTickPrio
                0x0000000020000594        0x4 ./Drivers/STM32F4xx_HAL_Driver/stm32f4xx_hal.o
                0x0000000020000594                uwTickPrio
 .data._impure_ptr
                0x0000000020000598        0x4 c:/st/stm32cubeide_1.6.1/stm32cubeide/plugins/com.st.stm32cube.ide.mcu.externaltools.gnu-tools-for-stm32.9-2020-q2-update.win32_2.0.0.202105311346/tools/bin/../lib/gcc/arm-none-eabi/9.3.1/../../../../arm-none-eabi/lib/thumb/v7e-m+fp/hard\libc_nano.a(lib_a-impure.o)
                0x0000000020000598                _impure_ptr
 .data.impure_data
                0x000000002000059c       0x60 c:/st/stm32cubeide_1.6.1/stm32cubeide/plugins/com.st.stm32cube.ide.mcu.externaltools.gnu-tools-for-stm32.9-2020-q2-update.win32_2.0.0.202105311346/tools/bin/../lib/gcc/arm-none-eabi/9.3.1/../../../../arm-none-eabi/lib/thumb/v7e-m+fp/hard\libc_nano.a(lib_a-impure.o)
                0x00000000200005fc                . = ALIGN (0x4)
                0x00000000200005fc                _edata = .

.igot.plt       0x00000000200005fc        0x0 load address 0x0000000008007100
 .igot.plt      0x00000000200005fc        0x0 c:/st/stm32cubeide_1.6.1/stm32cubeide/plugins/com.st.stm32cube.ide.mcu.externaltools.gnu-tools-for-stm32.9-2020-q2-update.win32_2.0.0.202105311346/tools/bin/../lib/gcc/arm-none-eabi/9.3.1/thumb/v7e-m+fp/hard/crtbegin.o
                0x00000000200005fc                . = ALIGN (0x4)

.bss            0x00000000200005fc      0x42c load address 0x0000000008007100
                0x00000000200005fc                _sbss = .
                0x00000000200005fc                __bss_start__ = _sbss
 *(.bss)
 .bss           0x00000000200005fc       0x1c c:/st/stm32cubeide_1.6.1/stm32cubeide/plugins/com.st.stm32cube.ide.mcu.externaltools.gnu-tools-for-stm32.9-2020-q2-update.win32_2.0.0.202105311346/tools/bin/../lib/gcc/arm-none-eabi/9.3.1/thumb/v7e-m+fp/hard/crtbegin.o
 *(.bss*)
 .bss.UI_Params
                0x0000000020000618       0x18 ./Application/User/mc_config.o
                0x0000000020000618                UI_Params
 .bss.bMCBootCompleted
                0x0000000020000630        0x1 ./Application/User/mc_tasks.o
                0x0000000020000630                bMCBootCompleted
 *fill*         0x0000000020000631        0x1 
 .bss.hBootCapDelayCounterM1
                0x0000000020000632        0x2 ./Application/User/mc_tasks.o
 .bss.hMFTaskCounterM1
                0x0000000020000634        0x2 ./Application/User/mc_tasks.o
 .bss.hStopPermanencyCounterM1
                0x0000000020000636        0x2 ./Application/User/mc_tasks.o
 .bss.MPInfo    0x0000000020000638        0x8 ./Application/User/motor_control_protocol.o
                0x0000000020000638                MPInfo
 .bss.control   0x0000000020000640        0x4 ./Application/User/power_control.o
 .bss.status    0x0000000020000644        0x4 ./Application/User/power_control.o
 .bss.stop      0x0000000020000648        0x1 ./Application/User/power_control_LL.o
                0x0000000020000648                stop
 *fill*         0x0000000020000649        0x3 
 .bss.__sbrk_heap_end
                0x000000002000064c        0x4 ./Application/User/sysmem.o
 .bss.Light_Flash
                0x0000000020000650        0x4 ./Application/User/system_control_protocol.o
 .bss.alert     0x0000000020000654        0x4 ./Application/User/system_control_protocol.o
 .bss.tail_light
                0x0000000020000658        0x4 ./Application/User/system_control_protocol.o
 .bss.tx        0x000000002000065c        0x4 ./Application/User/system_control_protocol.o
 .bss.bCOMTimeoutCounter
                0x0000000020000660        0x2 ./Application/User/ui_task.o
 .bss.bUITaskCounter
                0x0000000020000662        0x2 ./Application/User/ui_task.o
 .bss.pMCP      0x0000000020000664        0x4 ./Application/User/ui_task.o
                0x0000000020000664                pMCP
 .bss.__malloc_free_list
                0x0000000020000668        0x4 c:/st/stm32cubeide_1.6.1/stm32cubeide/plugins/com.st.stm32cube.ide.mcu.externaltools.gnu-tools-for-stm32.9-2020-q2-update.win32_2.0.0.202105311346/tools/bin/../lib/gcc/arm-none-eabi/9.3.1/../../../../arm-none-eabi/lib/thumb/v7e-m+fp/hard\libc_nano.a(lib_a-nano-mallocr.o)
                0x0000000020000668                __malloc_free_list
 .bss.__malloc_sbrk_start
                0x000000002000066c        0x4 c:/st/stm32cubeide_1.6.1/stm32cubeide/plugins/com.st.stm32cube.ide.mcu.externaltools.gnu-tools-for-stm32.9-2020-q2-update.win32_2.0.0.202105311346/tools/bin/../lib/gcc/arm-none-eabi/9.3.1/../../../../arm-none-eabi/lib/thumb/v7e-m+fp/hard\libc_nano.a(lib_a-nano-mallocr.o)
                0x000000002000066c                __malloc_sbrk_start
 *(COMMON)
 COMMON         0x0000000020000670      0x199 ./Application/User/main.o
                0x0000000020000670                TIMER
                0x0000000020000674                htim4
                0x00000000200006b4                hadc2
                0x00000000200006fc                htim3
                0x000000002000073c                hadc1
                0x0000000020000784                huart1
                0x00000000200007c4                POWER
                0x00000000200007c5                packetCount
                0x00000000200007c8                htim1
                0x0000000020000808                timeout
 *fill*         0x0000000020000809        0x3 
 COMMON         0x000000002000080c       0xd4 ./Application/User/mc_tasks.o
                0x000000002000080c                pOCPDisabling
                0x0000000020000810                pTemperatureSensor
                0x0000000020000814                pwmcHandle
                0x0000000020000818                pPIDSpeed
                0x000000002000081c                pPIDIq
                0x0000000020000820                oMCInterface
                0x0000000020000824                pR_Brake
                0x0000000020000828                FOCVars
                0x0000000020000850                MCT
                0x00000000200008a4                pCLM
                0x00000000200008a8                pBusSensorM1
                0x00000000200008ac                Mci
                0x00000000200008c8                STM
                0x00000000200008d0                pREMNG
                0x00000000200008d4                pMPM
                0x00000000200008d8                pPIDId
                0x00000000200008dc                pSTC
 COMMON         0x00000000200008e0        0x8 ./Application/User/motorcontrol.o
                0x00000000200008e0                pMCI
                0x00000000200008e4                pMCT
 COMMON         0x00000000200008e8       0x3a ./Application/User/regular_conversion_manager.o
                0x00000000200008e8                RCM_UserConvHandle
                0x00000000200008ec                RCM_CB_array
                0x000000002000090c                RCM_UserConvState
                0x0000000020000910                RCM_handle_array
                0x0000000020000920                RCM_UserConvValue
 *fill*         0x0000000020000922        0x2 
 COMMON         0x0000000020000924       0x40 ./Application/User/system_control_protocol_LL.o
                0x0000000020000924                htim2
 COMMON         0x0000000020000964       0xb0 ./Application/User/ui_task.o
                0x0000000020000964                MCP_UI_Params
 COMMON         0x0000000020000a14        0x4 ./Drivers/STM32F4xx_HAL_Driver/stm32f4xx_hal.o
                0x0000000020000a14                uwTick
 COMMON         0x0000000020000a18        0x4 c:/st/stm32cubeide_1.6.1/stm32cubeide/plugins/com.st.stm32cube.ide.mcu.externaltools.gnu-tools-for-stm32.9-2020-q2-update.win32_2.0.0.202105311346/tools/bin/../lib/gcc/arm-none-eabi/9.3.1/../../../../arm-none-eabi/lib/thumb/v7e-m+fp/hard\libc_nano.a(lib_a-reent.o)
                0x0000000020000a18                errno
 COMMON         0x0000000020000a1c        0x9 c:/st/stm32cubeide_1.6.1/stm32cubeide/plugins/com.st.stm32cube.ide.mcu.externaltools.gnu-tools-for-stm32.9-2020-q2-update.win32_2.0.0.202105311346/tools/bin/../lib/gcc/arm-none-eabi/9.3.1/../../../../arm-none-eabi/lib/thumb/v7e-m+fp/hard\libc_nano.a(lib_a-lock.o)
                0x0000000020000a1c                __lock___atexit_recursive_mutex
                0x0000000020000a1d                __lock___arc4random_mutex
                0x0000000020000a1e                __lock___env_recursive_mutex
                0x0000000020000a1f                __lock___sinit_recursive_mutex
                0x0000000020000a20                __lock___malloc_recursive_mutex
                0x0000000020000a21                __lock___at_quick_exit_mutex
                0x0000000020000a22                __lock___dd_hash_mutex
                0x0000000020000a23                __lock___tz_mutex
                0x0000000020000a24                __lock___sfp_recursive_mutex
                0x0000000020000a28                . = ALIGN (0x4)
 *fill*         0x0000000020000a25        0x3 
                0x0000000020000a28                _ebss = .
                0x0000000020000a28                __bss_end__ = _ebss

._user_heap_stack
                0x0000000020000a28      0x600 load address 0x0000000008007100
                0x0000000020000a28                . = ALIGN (0x8)
                [!provide]                        PROVIDE (end = .)
                0x0000000020000a28                PROVIDE (_end = .)
                0x0000000020000c28                . = (. + _Min_Heap_Size)
 *fill*         0x0000000020000a28      0x200 
                0x0000000020001028                . = (. + _Min_Stack_Size)
 *fill*         0x0000000020000c28      0x400 
                0x0000000020001028                . = ALIGN (0x8)

/DISCARD/
 libc.a(*)
 libm.a(*)
 libgcc.a(*)

.ARM.attributes
                0x0000000000000000       0x30
 *(.ARM.attributes)
 .ARM.attributes
                0x0000000000000000       0x1e c:/st/stm32cubeide_1.6.1/stm32cubeide/plugins/com.st.stm32cube.ide.mcu.externaltools.gnu-tools-for-stm32.9-2020-q2-update.win32_2.0.0.202105311346/tools/bin/../lib/gcc/arm-none-eabi/9.3.1/thumb/v7e-m+fp/hard/crti.o
 .ARM.attributes
                0x000000000000001e       0x34 c:/st/stm32cubeide_1.6.1/stm32cubeide/plugins/com.st.stm32cube.ide.mcu.externaltools.gnu-tools-for-stm32.9-2020-q2-update.win32_2.0.0.202105311346/tools/bin/../lib/gcc/arm-none-eabi/9.3.1/thumb/v7e-m+fp/hard/crtbegin.o
 .ARM.attributes
                0x0000000000000052       0x21 ./Application/Startup/startup_stm32f415zgtx.o
 .ARM.attributes
                0x0000000000000073       0x30 ./Application/User/main.o
 .ARM.attributes
                0x00000000000000a3       0x30 ./Application/User/mc_api.o
 .ARM.attributes
                0x00000000000000d3       0x35 ./Application/User/mc_config.o
 .ARM.attributes
                0x0000000000000108       0x30 ./Application/User/mc_interface.o
 .ARM.attributes
                0x0000000000000138       0x30 ./Application/User/mc_math.o
 .ARM.attributes
                0x0000000000000168       0x35 ./Application/User/mc_parameters.o
 .ARM.attributes
                0x000000000000019d       0x30 ./Application/User/mc_tasks.o
 .ARM.attributes
                0x00000000000001cd       0x30 ./Application/User/motor_control_protocol.o
 .ARM.attributes
                0x00000000000001fd       0x30 ./Application/User/motorcontrol.o
 .ARM.attributes
                0x000000000000022d       0x30 ./Application/User/power_control.o
 .ARM.attributes
                0x000000000000025d       0x30 ./Application/User/power_control_LL.o
 .ARM.attributes
                0x000000000000028d       0x30 ./Application/User/regular_conversion_manager.o
 .ARM.attributes
                0x00000000000002bd       0x30 ./Application/User/stm32f4xx_hal_msp.o
 .ARM.attributes
                0x00000000000002ed       0x30 ./Application/User/stm32f4xx_it.o
 .ARM.attributes
                0x000000000000031d       0x30 ./Application/User/stm32f4xx_mc_it.o
 .ARM.attributes
                0x000000000000034d       0x30 ./Application/User/sysmem.o
 .ARM.attributes
                0x000000000000037d       0x30 ./Application/User/system_control_protocol.o
 .ARM.attributes
                0x00000000000003ad       0x30 ./Application/User/system_control_protocol_LL.o
 .ARM.attributes
                0x00000000000003dd       0x30 ./Application/User/ui_task.o
 .ARM.attributes
                0x000000000000040d       0x30 ./Application/User/user_interface.o
 .ARM.attributes
                0x000000000000043d       0x30 ./Drivers/CMSIS/system_stm32f4xx.o
 .ARM.attributes
                0x000000000000046d       0x30 ./Drivers/STM32F4xx_HAL_Driver/stm32f4xx_hal.o
 .ARM.attributes
                0x000000000000049d       0x30 ./Drivers/STM32F4xx_HAL_Driver/stm32f4xx_hal_adc.o
 .ARM.attributes
                0x00000000000004cd       0x30 ./Drivers/STM32F4xx_HAL_Driver/stm32f4xx_hal_adc_ex.o
 .ARM.attributes
                0x00000000000004fd       0x30 ./Drivers/STM32F4xx_HAL_Driver/stm32f4xx_hal_cortex.o
 .ARM.attributes
                0x000000000000052d       0x30 ./Drivers/STM32F4xx_HAL_Driver/stm32f4xx_hal_gpio.o
 .ARM.attributes
                0x000000000000055d       0x30 ./Drivers/STM32F4xx_HAL_Driver/stm32f4xx_hal_pwr.o
 .ARM.attributes
                0x000000000000058d       0x30 ./Drivers/STM32F4xx_HAL_Driver/stm32f4xx_hal_rcc.o
 .ARM.attributes
                0x00000000000005bd       0x30 ./Drivers/STM32F4xx_HAL_Driver/stm32f4xx_hal_tim.o
 .ARM.attributes
                0x00000000000005ed       0x30 ./Drivers/STM32F4xx_HAL_Driver/stm32f4xx_hal_tim_ex.o
 .ARM.attributes
                0x000000000000061d       0x30 ./Drivers/STM32F4xx_HAL_Driver/stm32f4xx_hal_uart.o
 .ARM.attributes
                0x000000000000064d       0x30 ./Middlewares/MotorControl/bus_voltage_sensor.o
 .ARM.attributes
                0x000000000000067d       0x30 ./Middlewares/MotorControl/circle_limitation.o
 .ARM.attributes
                0x00000000000006ad       0x30 ./Middlewares/MotorControl/frame_communication_protocol.o
 .ARM.attributes
                0x00000000000006dd       0x30 ./Middlewares/MotorControl/hall_speed_pos_fdbk.o
 .ARM.attributes
                0x000000000000070d       0x30 ./Middlewares/MotorControl/ics_f4xx_pwm_curr_fdbk.o
 .ARM.attributes
                0x000000000000073d       0x30 ./Middlewares/MotorControl/motor_power_measurement.o
 .ARM.attributes
                0x000000000000076d       0x30 ./Middlewares/MotorControl/ntc_temperature_sensor.o
 .ARM.attributes
                0x000000000000079d       0x30 ./Middlewares/MotorControl/pid_regulator.o
 .ARM.attributes
                0x00000000000007cd       0x30 ./Middlewares/MotorControl/pqd_motor_power_measurement.o
 .ARM.attributes
                0x00000000000007fd       0x30 ./Middlewares/MotorControl/pwm_common.o
 .ARM.attributes
                0x000000000000082d       0x30 ./Middlewares/MotorControl/pwm_curr_fdbk.o
 .ARM.attributes
                0x000000000000085d       0x30 ./Middlewares/MotorControl/ramp_ext_mngr.o
 .ARM.attributes
                0x000000000000088d       0x30 ./Middlewares/MotorControl/speed_pos_fdbk.o
 .ARM.attributes
                0x00000000000008bd       0x30 ./Middlewares/MotorControl/speed_torq_ctrl.o
 .ARM.attributes
                0x00000000000008ed       0x30 ./Middlewares/MotorControl/state_machine.o
 .ARM.attributes
                0x000000000000091d       0x30 ./Middlewares/MotorControl/usart_frame_communication_protocol.o
 .ARM.attributes
                0x000000000000094d       0x30 ./Middlewares/MotorControl/virtual_bus_voltage_sensor.o
 .ARM.attributes
                0x000000000000097d       0x35 ../../MCSDK_v5.4.5/MotorControl/lib\libmc-gcc_M4_NoCCMRAM.lib(revup_ctrl.o)
 .ARM.attributes
                0x00000000000009b2       0x34 c:/st/stm32cubeide_1.6.1/stm32cubeide/plugins/com.st.stm32cube.ide.mcu.externaltools.gnu-tools-for-stm32.9-2020-q2-update.win32_2.0.0.202105311346/tools/bin/../lib/gcc/arm-none-eabi/9.3.1/../../../../arm-none-eabi/lib/thumb/v7e-m+fp/hard\libc_nano.a(lib_a-errno.o)
 .ARM.attributes
                0x00000000000009e6       0x32 c:/st/stm32cubeide_1.6.1/stm32cubeide/plugins/com.st.stm32cube.ide.mcu.externaltools.gnu-tools-for-stm32.9-2020-q2-update.win32_2.0.0.202105311346/tools/bin/../lib/gcc/arm-none-eabi/9.3.1/../../../../arm-none-eabi/lib/thumb/v7e-m+fp/hard\libc_nano.a(lib_a-impure.o)
 .ARM.attributes
                0x0000000000000a18       0x34 c:/st/stm32cubeide_1.6.1/stm32cubeide/plugins/com.st.stm32cube.ide.mcu.externaltools.gnu-tools-for-stm32.9-2020-q2-update.win32_2.0.0.202105311346/tools/bin/../lib/gcc/arm-none-eabi/9.3.1/../../../../arm-none-eabi/lib/thumb/v7e-m+fp/hard\libc_nano.a(lib_a-init.o)
 .ARM.attributes
                0x0000000000000a4c       0x34 c:/st/stm32cubeide_1.6.1/stm32cubeide/plugins/com.st.stm32cube.ide.mcu.externaltools.gnu-tools-for-stm32.9-2020-q2-update.win32_2.0.0.202105311346/tools/bin/../lib/gcc/arm-none-eabi/9.3.1/../../../../arm-none-eabi/lib/thumb/v7e-m+fp/hard\libc_nano.a(lib_a-malloc.o)
 .ARM.attributes