motor_control_protocol.c:166:13:MCP_ReceivedFrame	72	static
motor_control_protocol.c:138:13:MCP_WaitNextFrame	8	static
motor_control_protocol.c:103:13:MCP_Init	32	static
motor_control_protocol.c:128:13:MCP_OnTimeOut	8	static
motor_control_protocol.c:153:13:MCP_SentFrame	8	static
motor_control_protocol.c:700:13:MCP_SendOverrunMessage	16	static
motor_control_protocol.c:711:13:MCP_SendTimeoutMessage	16	static
motor_control_protocol.c:722:13:MCP_SendATRMessage	56	static
motor_control_protocol.c:763:13:MCP_SendBadCRCMessage	16	static
